Feb  3 12:54:10 jon-VirtualBox rsyslogd: [origin software="rsyslogd" swVersion="8.16.0" x-pid="624" x-info="http://www.rsyslog.com"] rsyslogd was HUPed
Feb  3 12:55:14 jon-VirtualBox anacron[638]: Job `cron.daily' terminated
Feb  3 12:55:14 jon-VirtualBox anacron[638]: Normal exit (1 job run)
Feb  3 12:56:36 jon-VirtualBox org.gnome.zeitgeist.SimpleIndexer[1437]: ** (zeitgeist-fts:1973): WARNING **: Unable to get info on application://nautilus-autostart.desktop
Feb  3 12:57:21 jon-VirtualBox org.gnome.zeitgeist.SimpleIndexer[1437]: ** (zeitgeist-fts:1973): WARNING **: Unable to get info on application://nautilus-autostart.desktop
Feb  3 12:58:02 jon-VirtualBox gnome-session[1587]: gnome-session-binary[1587]: GLib-GObject-CRITICAL: g_object_unref: assertion 'G_IS_OBJECT (object)' failed
Feb  3 12:58:02 jon-VirtualBox gnome-session-binary[1587]: GLib-GObject-CRITICAL: g_object_unref: assertion 'G_IS_OBJECT (object)' failed
Feb  3 12:58:02 jon-VirtualBox gnome-session[1587]: gnome-session-binary[1587]: GLib-GObject-CRITICAL: g_object_unref: assertion 'G_IS_OBJECT (object)' failed
Feb  3 12:58:02 jon-VirtualBox gnome-session-binary[1587]: GLib-GObject-CRITICAL: g_object_unref: assertion 'G_IS_OBJECT (object)' failed
Feb  3 12:58:03 jon-VirtualBox gnome-session[1587]: gnome-session-binary[1587]: GLib-GObject-CRITICAL: g_object_unref: assertion 'G_IS_OBJECT (object)' failed
Feb  3 12:58:03 jon-VirtualBox gnome-session-binary[1587]: GLib-GObject-CRITICAL: g_object_unref: assertion 'G_IS_OBJECT (object)' failed
Feb  3 12:58:03 jon-VirtualBox gnome-session-binary[1587]: Entering running state
Feb  3 12:58:06 jon-VirtualBox gnome-session[1587]: gnome-session-binary[1587]: GLib-GObject-CRITICAL: g_object_unref: assertion 'G_IS_OBJECT (object)' failed
Feb  3 12:58:06 jon-VirtualBox gnome-session-binary[1587]: GLib-GObject-CRITICAL: g_object_unref: assertion 'G_IS_OBJECT (object)' failed
Feb  3 12:58:06 jon-VirtualBox gnome-session[1587]: gnome-session-binary[1587]: GLib-GObject-CRITICAL: g_object_unref: assertion 'G_IS_OBJECT (object)' failed
Feb  3 12:58:06 jon-VirtualBox gnome-session-binary[1587]: GLib-GObject-CRITICAL: g_object_unref: assertion 'G_IS_OBJECT (object)' failed
Feb  3 12:58:06 jon-VirtualBox gnome-session[1587]: gnome-session-binary[1587]: GLib-GObject-CRITICAL: g_object_unref: assertion 'G_IS_OBJECT (object)' failed
Feb  3 12:58:06 jon-VirtualBox gnome-session-binary[1587]: GLib-GObject-CRITICAL: g_object_unref: assertion 'G_IS_OBJECT (object)' failed
Feb  3 12:58:06 jon-VirtualBox gnome-session[1587]: gnome-session-binary[1587]: GLib-GObject-CRITICAL: g_object_unref: assertion 'G_IS_OBJECT (object)' failed
Feb  3 12:58:06 jon-VirtualBox gnome-session-binary[1587]: GLib-GObject-CRITICAL: g_object_unref: assertion 'G_IS_OBJECT (object)' failed
Feb  3 12:58:06 jon-VirtualBox gnome-session[1587]: gnome-session-binary[1587]: GLib-GObject-CRITICAL: g_object_unref: assertion 'G_IS_OBJECT (object)' failed
Feb  3 12:58:06 jon-VirtualBox gnome-session-binary[1587]: GLib-GObject-CRITICAL: g_object_unref: assertion 'G_IS_OBJECT (object)' failed
Feb  3 12:58:06 jon-VirtualBox gnome-session[1587]: gnome-session-binary[1587]: GLib-GObject-CRITICAL: g_object_unref: assertion 'G_IS_OBJECT (object)' failed
Feb  3 12:58:06 jon-VirtualBox gnome-session-binary[1587]: GLib-GObject-CRITICAL: g_object_unref: assertion 'G_IS_OBJECT (object)' failed
Feb  3 12:58:06 jon-VirtualBox systemd[1]: Closed Load/Save RF Kill Switch Status /dev/rfkill Watch.
Feb  3 12:58:06 jon-VirtualBox systemd[1]: Stopped target Graphical Interface.
Feb  3 12:58:06 jon-VirtualBox systemd[1]: Stopping Session c2 of user jon.
Feb  3 12:58:06 jon-VirtualBox systemd[1]: Stopping Accounts Service...
Feb  3 12:58:06 jon-VirtualBox systemd[1]: Stopping RealtimeKit Scheduling Policy Service...
Feb  3 12:54:11 jon-VirtualBox rsyslogd: [origin software="rsyslogd" swVersion="8.16.0" x-pid="624" x-info="http://www.rsyslog.com"] rsyslogd was HUPed
Feb  3 12:58:07 jon-VirtualBox rsyslogd: [origin software="rsyslogd" swVersion="8.16.0" x-pid="624" x-info="http://www.rsyslog.com"] exiting on signal 15.
Feb  3 12:58:22 jon-VirtualBox rsyslogd: [origin software="rsyslogd" swVersion="8.16.0" x-pid="625" x-info="http://www.rsyslog.com"] start
Feb  3 12:58:22 jon-VirtualBox rsyslogd-2222: command 'KLogPermitNonKernelFacility' is currently not permitted - did you already set it via a RainerScript command (v6+ config)? [v8.16.0 try http://www.rsyslog.com/e/2222 ]
Feb  3 12:58:22 jon-VirtualBox rsyslogd: rsyslogd's groupid changed to 108
Feb  3 12:58:22 jon-VirtualBox rsyslogd: rsyslogd's userid changed to 104
Feb  3 12:58:22 jon-VirtualBox rsyslogd-2039: Could not open output pipe '/dev/xconsole':: No such file or directory [v8.16.0 try http://www.rsyslog.com/e/2039 ]
Feb  3 12:58:22 jon-VirtualBox rsyslogd-2007: action 'action 10' suspended, next retry is Sun Feb  3 12:58:52 2019 [v8.16.0 try http://www.rsyslog.com/e/2007 ]
Feb  3 12:58:22 jon-VirtualBox kernel: [    0.000000] Initializing cgroup subsys cpuset
Feb  3 12:58:22 jon-VirtualBox kernel: [    0.000000] Initializing cgroup subsys cpu
Feb  3 12:58:22 jon-VirtualBox kernel: [    0.000000] Initializing cgroup subsys cpuacct
Feb  3 12:58:22 jon-VirtualBox kernel: [    0.000000] Linux version 4.4.162jchang (root@jon-VirtualBox) (gcc version 5.4.0 20160609 (Ubuntu 5.4.0-6ubuntu1~16.04.11) ) #1 SMP Mon Jan 14 09:16:30 EST 2019 (Ubuntu 4.4.0-141.167-generic 4.4.162)
Feb  3 12:58:22 jon-VirtualBox kernel: [    0.000000] KERNEL supported cpus:
Feb  3 12:58:22 jon-VirtualBox kernel: [    0.000000]   Intel GenuineIntel
Feb  3 12:58:22 jon-VirtualBox kernel: [    0.000000]   AMD AuthenticAMD
Feb  3 12:58:22 jon-VirtualBox kernel: [    0.000000]   NSC Geode by NSC
Feb  3 12:58:22 jon-VirtualBox kernel: [    0.000000]   Cyrix CyrixInstead
Feb  3 12:58:22 jon-VirtualBox kernel: [    0.000000]   Centaur CentaurHauls
Feb  3 12:58:22 jon-VirtualBox kernel: [    0.000000]   Transmeta GenuineTMx86
Feb  3 12:58:22 jon-VirtualBox kernel: [    0.000000]   Transmeta TransmetaCPU
Feb  3 12:58:22 jon-VirtualBox kernel: [    0.000000]   UMC UMC UMC UMC
Feb  3 12:58:22 jon-VirtualBox kernel: [    0.000000] ------------[ cut here ]------------
Feb  3 12:58:22 jon-VirtualBox kernel: [    0.000000] WARNING: CPU: 0 PID: 0 at arch/x86/kernel/fpu/xstate.c:517 fpu__init_system_xstate+0x347/0x708()
Feb  3 12:58:22 jon-VirtualBox kernel: [    0.000000] XSAVE consistency problem, dumping leaves
Feb  3 12:58:22 jon-VirtualBox kernel: [    0.000000] Modules linked in:
Feb  3 12:58:22 jon-VirtualBox kernel: [    0.000000] CPU: 0 PID: 0 Comm: swapper Not tainted 4.4.162jchang #1
Feb  3 12:58:22 jon-VirtualBox kernel: [    0.000000]  c1af7967 0ef92f90 00200086 c1af1e98 c13b9eef c1af1ed8 c19eb367 c1af1ec8
Feb  3 12:58:22 jon-VirtualBox kernel: [    0.000000]  c1073567 c19df8cc c1af1ef8 00000000 c19eb367 00000205 c1bc2162 c1bc2162
Feb  3 12:58:22 jon-VirtualBox kernel: [    0.000000]  00000008 00000340 c1af1f14 c1af1ee4 c10735de 00000009 c1af1ed8 c19df8cc
Feb  3 12:58:22 jon-VirtualBox kernel: [    0.000000] Call Trace:
Feb  3 12:58:22 jon-VirtualBox kernel: [    0.000000]  [<c13b9eef>] dump_stack+0x58/0x79
Feb  3 12:58:22 jon-VirtualBox kernel: [    0.000000]  [<c1073567>] warn_slowpath_common+0x87/0xc0
Feb  3 12:58:22 jon-VirtualBox kernel: [    0.000000]  [<c1bc2162>] ? fpu__init_system_xstate+0x347/0x708
Feb  3 12:58:22 jon-VirtualBox kernel: [    0.000000]  [<c1bc2162>] ? fpu__init_system_xstate+0x347/0x708
Feb  3 12:58:22 jon-VirtualBox kernel: [    0.000000]  [<c10735de>] warn_slowpath_fmt+0x3e/0x60
Feb  3 12:58:22 jon-VirtualBox kernel: [    0.000000]  [<c1bc2162>] fpu__init_system_xstate+0x347/0x708
Feb  3 12:58:22 jon-VirtualBox kernel: [    0.000000]  [<c1bc1bde>] fpu__init_system+0x1e1/0x279
Feb  3 12:58:22 jon-VirtualBox kernel: [    0.000000]  [<c103c7b2>] ? early_init_intel+0xd2/0x350
Feb  3 12:58:22 jon-VirtualBox kernel: [    0.000000]  [<c1bc2d0e>] early_cpu_init+0x214/0x22c
Feb  3 12:58:22 jon-VirtualBox kernel: [    0.000000]  [<c1bc2d0e>] ? early_cpu_init+0x214/0x22c
Feb  3 12:58:22 jon-VirtualBox kernel: [    0.000000]  [<c1bbe282>] setup_arch+0xfa/0xd21
Feb  3 12:58:22 jon-VirtualBox kernel: [    0.000000]  [<c1bb4895>] start_kernel+0xc1/0x406
Feb  3 12:58:22 jon-VirtualBox kernel: [    0.000000]  [<c1bb42ff>] i386_start_kernel+0x9a/0x9e
Feb  3 12:58:22 jon-VirtualBox kernel: [    0.000000] ---[ end trace 4d5ff9f2f68c4233 ]---
Feb  3 12:58:22 jon-VirtualBox kernel: [    0.000000] CPUID[0d, 00]: eax=00000007 ebx=00000440 ecx=00000440 edx=00000000
Feb  3 12:58:22 jon-VirtualBox kernel: [    0.000000] CPUID[0d, 01]: eax=00000000 ebx=00000440 ecx=00000000 edx=00000000
Feb  3 12:58:22 jon-VirtualBox kernel: [    0.000000] CPUID[0d, 02]: eax=00000100 ebx=00000240 ecx=00000000 edx=00000000
Feb  3 12:58:22 jon-VirtualBox kernel: [    0.000000] CPUID[0d, 03]: eax=00000000 ebx=00000000 ecx=00000000 edx=00000000
Feb  3 12:58:22 jon-VirtualBox kernel: [    0.000000] CPUID[0d, 04]: eax=00000000 ebx=00000000 ecx=00000000 edx=00000000
Feb  3 12:58:22 jon-VirtualBox kernel: [    0.000000] CPUID[0d, 05]: eax=00000000 ebx=00000000 ecx=00000000 edx=00000000
Feb  3 12:58:22 jon-VirtualBox kernel: [    0.000000] CPUID[0d, 06]: eax=00000000 ebx=00000000 ecx=00000000 edx=00000000
Feb  3 12:58:22 jon-VirtualBox kernel: [    0.000000] CPUID[0d, 07]: eax=00000000 ebx=00000000 ecx=00000000 edx=00000000
Feb  3 12:58:22 jon-VirtualBox kernel: [    0.000000] CPUID[0d, 08]: eax=00000000 ebx=00000000 ecx=00000000 edx=00000000
Feb  3 12:58:22 jon-VirtualBox kernel: [    0.000000] CPUID[0d, 09]: eax=00000000 ebx=00000000 ecx=00000000 edx=00000000
Feb  3 12:58:22 jon-VirtualBox kernel: [    0.000000] CPUID[0d, 0a]: eax=00000000 ebx=00000000 ecx=00000000 edx=00000000
Feb  3 12:58:22 jon-VirtualBox kernel: [    0.000000] CPUID[0d, 0b]: eax=00000000 ebx=00000000 ecx=00000000 edx=00000000
Feb  3 12:58:22 jon-VirtualBox kernel: [    0.000000] CPUID[0d, 0c]: eax=00000000 ebx=00000000 ecx=00000000 edx=00000000
Feb  3 12:58:22 jon-VirtualBox kernel: [    0.000000] CPUID[0d, 0d]: eax=00000000 ebx=00000000 ecx=00000000 edx=00000000
Feb  3 12:58:22 jon-VirtualBox kernel: [    0.000000] CPUID[0d, 0e]: eax=00000000 ebx=00000000 ecx=00000000 edx=00000000
Feb  3 12:58:22 jon-VirtualBox kernel: [    0.000000] CPUID[0d, 0f]: eax=00000000 ebx=00000000 ecx=00000000 edx=00000000
Feb  3 12:58:22 jon-VirtualBox kernel: [    0.000000] CPUID[0d, 10]: eax=00000000 ebx=00000000 ecx=00000000 edx=00000000
Feb  3 12:58:22 jon-VirtualBox kernel: [    0.000000] CPUID[0d, 11]: eax=00000000 ebx=00000000 ecx=00000000 edx=00000000
Feb  3 12:58:22 jon-VirtualBox kernel: [    0.000000] x86/fpu: xstate_offset[2]:  576, xstate_sizes[2]:  256
Feb  3 12:58:22 jon-VirtualBox kernel: [    0.000000] x86/fpu: Supporting XSAVE feature 0x01: 'x87 floating point registers'
Feb  3 12:58:22 jon-VirtualBox kernel: [    0.000000] x86/fpu: Supporting XSAVE feature 0x02: 'SSE registers'
Feb  3 12:58:22 jon-VirtualBox kernel: [    0.000000] x86/fpu: Supporting XSAVE feature 0x04: 'AVX registers'
Feb  3 12:58:22 jon-VirtualBox kernel: [    0.000000] x86/fpu: Enabled xstate features 0x7, context size is 1088 bytes, using 'standard' format.
Feb  3 12:58:22 jon-VirtualBox kernel: [    0.000000] e820: BIOS-provided physical RAM map:
Feb  3 12:58:22 jon-VirtualBox kernel: [    0.000000] BIOS-e820: [mem 0x0000000000000000-0x000000000009fbff] usable
Feb  3 12:58:22 jon-VirtualBox kernel: [    0.000000] BIOS-e820: [mem 0x000000000009fc00-0x000000000009ffff] reserved
Feb  3 12:58:22 jon-VirtualBox kernel: [    0.000000] BIOS-e820: [mem 0x00000000000f0000-0x00000000000fffff] reserved
Feb  3 12:58:22 jon-VirtualBox kernel: [    0.000000] BIOS-e820: [mem 0x0000000000100000-0x00000000dffeffff] usable
Feb  3 12:58:22 jon-VirtualBox kernel: [    0.000000] BIOS-e820: [mem 0x00000000dfff0000-0x00000000dfffffff] ACPI data
Feb  3 12:58:22 jon-VirtualBox kernel: [    0.000000] BIOS-e820: [mem 0x00000000fec00000-0x00000000fec00fff] reserved
Feb  3 12:58:22 jon-VirtualBox kernel: [    0.000000] BIOS-e820: [mem 0x00000000fee00000-0x00000000fee00fff] reserved
Feb  3 12:58:22 jon-VirtualBox kernel: [    0.000000] BIOS-e820: [mem 0x00000000fffc0000-0x00000000ffffffff] reserved
Feb  3 12:58:22 jon-VirtualBox kernel: [    0.000000] BIOS-e820: [mem 0x0000000100000000-0x000000011fffffff] usable
Feb  3 12:58:22 jon-VirtualBox kernel: [    0.000000] NX (Execute Disable) protection: active
Feb  3 12:58:22 jon-VirtualBox kernel: [    0.000000] SMBIOS 2.5 present.
Feb  3 12:58:22 jon-VirtualBox kernel: [    0.000000] DMI: innotek GmbH VirtualBox/VirtualBox, BIOS VirtualBox 12/01/2006
Feb  3 12:58:22 jon-VirtualBox kernel: [    0.000000] Hypervisor detected: KVM
Feb  3 12:58:22 jon-VirtualBox kernel: [    0.000000] e820: update [mem 0x00000000-0x00000fff] usable ==> reserved
Feb  3 12:58:22 jon-VirtualBox kernel: [    0.000000] e820: remove [mem 0x000a0000-0x000fffff] usable
Feb  3 12:58:22 jon-VirtualBox kernel: [    0.000000] e820: last_pfn = 0x120000 max_arch_pfn = 0x1000000
Feb  3 12:58:22 jon-VirtualBox kernel: [    0.000000] MTRR default type: uncachable
Feb  3 12:58:22 jon-VirtualBox kernel: [    0.000000] MTRR variable ranges disabled:
Feb  3 12:58:22 jon-VirtualBox kernel: [    0.000000] MTRR: Disabled
Feb  3 12:58:22 jon-VirtualBox kernel: [    0.000000] x86/PAT: MTRRs disabled, skipping PAT initialization too.
Feb  3 12:58:22 jon-VirtualBox kernel: [    0.000000] CPU MTRRs all blank - virtualized system.
Feb  3 12:58:22 jon-VirtualBox kernel: [    0.000000] x86/PAT: Configuration [0-7]: WB  WT  UC- UC  WB  WT  UC- UC  
Feb  3 12:58:22 jon-VirtualBox kernel: [    0.000000] Scanning 1 areas for low memory corruption
Feb  3 12:58:22 jon-VirtualBox kernel: [    0.000000] initial memory mapped: [mem 0x00000000-0x021fffff]
Feb  3 12:58:22 jon-VirtualBox kernel: [    0.000000] Base memory trampoline at [c009b000] 9b000 size 16384
Feb  3 12:58:22 jon-VirtualBox kernel: [    0.000000] BRK [0x01d84000, 0x01d84fff] PGTABLE
Feb  3 12:58:22 jon-VirtualBox kernel: [    0.000000] BRK [0x01d85000, 0x01d85fff] PGTABLE
Feb  3 12:58:22 jon-VirtualBox kernel: [    0.000000] RAMDISK: [mem 0x33486000-0x35a3afff]
Feb  3 12:58:22 jon-VirtualBox kernel: [    0.000000] ACPI: Early table checksum verification disabled
Feb  3 12:58:22 jon-VirtualBox kernel: [    0.000000] ACPI: RSDP 0x00000000000E0000 000024 (v02 VBOX  )
Feb  3 12:58:22 jon-VirtualBox kernel: [    0.000000] ACPI: XSDT 0x00000000DFFF0030 000034 (v01 VBOX   VBOXXSDT 00000001 ASL  00000061)
Feb  3 12:58:22 jon-VirtualBox kernel: [    0.000000] ACPI: FACP 0x00000000DFFF00F0 0000F4 (v04 VBOX   VBOXFACP 00000001 ASL  00000061)
Feb  3 12:58:22 jon-VirtualBox kernel: [    0.000000] ACPI: DSDT 0x00000000DFFF0410 0021C8 (v02 VBOX   VBOXBIOS 00000002 INTL 20100528)
Feb  3 12:58:22 jon-VirtualBox kernel: [    0.000000] ACPI: FACS 0x00000000DFFF0200 000040
Feb  3 12:58:22 jon-VirtualBox kernel: [    0.000000] ACPI: FACS 0x00000000DFFF0200 000040
Feb  3 12:58:22 jon-VirtualBox kernel: [    0.000000] ACPI: SSDT 0x00000000DFFF0240 0001CC (v01 VBOX   VBOXCPUT 00000002 INTL 20100528)
Feb  3 12:58:22 jon-VirtualBox kernel: [    0.000000] 3716MB HIGHMEM available.
Feb  3 12:58:22 jon-VirtualBox kernel: [    0.000000] 891MB LOWMEM available.
Feb  3 12:58:22 jon-VirtualBox kernel: [    0.000000]   mapped low ram: 0 - 37bfe000
Feb  3 12:58:22 jon-VirtualBox kernel: [    0.000000]   low ram: 0 - 37bfe000
Feb  3 12:58:22 jon-VirtualBox kernel: [    0.000000] kvm-clock: Using msrs 4b564d01 and 4b564d00
Feb  3 12:58:22 jon-VirtualBox kernel: [    0.000000] kvm-clock: cpu 0, msr 0:37bfd001, primary cpu clock
Feb  3 12:58:22 jon-VirtualBox kernel: [    0.000000] kvm-clock: using sched offset of 26128040005481 cycles
Feb  3 12:58:22 jon-VirtualBox kernel: [    0.000000] clocksource: kvm-clock: mask: 0xffffffffffffffff max_cycles: 0x1cd42e4dffb, max_idle_ns: 881590591483 ns
Feb  3 12:58:22 jon-VirtualBox kernel: [    0.000000] Zone ranges:
Feb  3 12:58:22 jon-VirtualBox kernel: [    0.000000]   DMA      [mem 0x0000000000001000-0x0000000000ffffff]
Feb  3 12:58:22 jon-VirtualBox kernel: [    0.000000]   Normal   [mem 0x0000000001000000-0x0000000037bfdfff]
Feb  3 12:58:22 jon-VirtualBox kernel: [    0.000000]   HighMem  [mem 0x0000000037bfe000-0x000000011fffffff]
Feb  3 12:58:22 jon-VirtualBox kernel: [    0.000000] Movable zone start for each node
Feb  3 12:58:22 jon-VirtualBox kernel: [    0.000000] Early memory node ranges
Feb  3 12:58:22 jon-VirtualBox kernel: [    0.000000]   node   0: [mem 0x0000000000001000-0x000000000009efff]
Feb  3 12:58:22 jon-VirtualBox kernel: [    0.000000]   node   0: [mem 0x0000000000100000-0x00000000dffeffff]
Feb  3 12:58:22 jon-VirtualBox kernel: [    0.000000]   node   0: [mem 0x0000000100000000-0x000000011fffffff]
Feb  3 12:58:22 jon-VirtualBox kernel: [    0.000000] Initmem setup node 0 [mem 0x0000000000001000-0x000000011fffffff]
Feb  3 12:58:22 jon-VirtualBox kernel: [    0.000000] On node 0 totalpages: 1048462
Feb  3 12:58:22 jon-VirtualBox kernel: [    0.000000]   DMA zone: 40 pages used for memmap
Feb  3 12:58:22 jon-VirtualBox kernel: [    0.000000]   DMA zone: 0 pages reserved
Feb  3 12:58:22 jon-VirtualBox kernel: [    0.000000]   DMA zone: 3998 pages, LIFO batch:0
Feb  3 12:58:22 jon-VirtualBox kernel: [    0.000000]   Normal zone: 2190 pages used for memmap
Feb  3 12:58:22 jon-VirtualBox kernel: [    0.000000]   Normal zone: 224254 pages, LIFO batch:31
Feb  3 12:58:22 jon-VirtualBox kernel: [    0.000000]   HighMem zone: 820210 pages, LIFO batch:31
Feb  3 12:58:22 jon-VirtualBox kernel: [    0.000000] Using APIC driver default
Feb  3 12:58:22 jon-VirtualBox kernel: [    0.000000] ACPI: PM-Timer IO Port: 0x4008
Feb  3 12:58:22 jon-VirtualBox kernel: [    0.000000] smpboot: Allowing 1 CPUs, 0 hotplug CPUs
Feb  3 12:58:22 jon-VirtualBox kernel: [    0.000000] Found and enabled local APIC!
Feb  3 12:58:22 jon-VirtualBox kernel: [    0.000000] PM: Registered nosave memory: [mem 0x00000000-0x00000fff]
Feb  3 12:58:22 jon-VirtualBox kernel: [    0.000000] PM: Registered nosave memory: [mem 0x0009f000-0x0009ffff]
Feb  3 12:58:22 jon-VirtualBox kernel: [    0.000000] PM: Registered nosave memory: [mem 0x000a0000-0x000effff]
Feb  3 12:58:22 jon-VirtualBox kernel: [    0.000000] PM: Registered nosave memory: [mem 0x000f0000-0x000fffff]
Feb  3 12:58:22 jon-VirtualBox kernel: [    0.000000] e820: [mem 0xe0000000-0xfebfffff] available for PCI devices
Feb  3 12:58:22 jon-VirtualBox kernel: [    0.000000] Booting paravirtualized kernel on KVM
Feb  3 12:58:22 jon-VirtualBox kernel: [    0.000000] clocksource: refined-jiffies: mask: 0xffffffff max_cycles: 0xffffffff, max_idle_ns: 7645519600211568 ns
Feb  3 12:58:22 jon-VirtualBox kernel: [    0.000000] setup_percpu: NR_CPUS:8 nr_cpumask_bits:8 nr_cpu_ids:1 nr_node_ids:1
Feb  3 12:58:22 jon-VirtualBox kernel: [    0.000000] PERCPU: Embedded 19 pages/cpu @f5dc3000 s47436 r0 d30388 u77824
Feb  3 12:58:22 jon-VirtualBox kernel: [    0.000000] pcpu-alloc: s47436 r0 d30388 u77824 alloc=19*4096
Feb  3 12:58:22 jon-VirtualBox kernel: [    0.000000] pcpu-alloc: [0] 0 
Feb  3 12:58:22 jon-VirtualBox kernel: [    0.000000] PV qspinlock hash table entries: 512 (order: 0, 4096 bytes)
Feb  3 12:58:22 jon-VirtualBox kernel: [    0.000000] Built 1 zonelists in Zone order, mobility grouping on.  Total pages: 1046232
Feb  3 12:58:22 jon-VirtualBox kernel: [    0.000000] Kernel command line: BOOT_IMAGE=/boot/vmlinuz-4.4.162jchang root=UUID=301911a4-ead0-4898-91ae-bf0d72fcd8c7 ro quiet splash
Feb  3 12:58:22 jon-VirtualBox kernel: [    0.000000] PID hash table entries: 4096 (order: 2, 16384 bytes)
Feb  3 12:58:22 jon-VirtualBox kernel: [    0.000000] Dentry cache hash table entries: 131072 (order: 7, 524288 bytes)
Feb  3 12:58:22 jon-VirtualBox kernel: [    0.000000] Inode-cache hash table entries: 65536 (order: 6, 262144 bytes)
Feb  3 12:58:22 jon-VirtualBox kernel: [    0.000000] Initializing CPU#0
Feb  3 12:58:22 jon-VirtualBox kernel: [    0.000000] Initializing HighMem for node 0 (00037bfe:00120000)
Feb  3 12:58:22 jon-VirtualBox kernel: [    0.000000] Initializing Movable for node 0 (00000000:00000000)
Feb  3 12:58:22 jon-VirtualBox kernel: [    0.000000] Memory: 4099316K/4193848K available (8048K kernel code, 779K rwdata, 3144K rodata, 952K init, 800K bss, 94532K reserved, 0K cma-reserved, 3280840K highmem)
Feb  3 12:58:22 jon-VirtualBox kernel: [    0.000000] virtual kernel memory layout:
Feb  3 12:58:22 jon-VirtualBox kernel: [    0.000000]     fixmap  : 0xfff15000 - 0xfffff000   ( 936 kB)
Feb  3 12:58:22 jon-VirtualBox kernel: [    0.000000]     pkmap   : 0xffc00000 - 0xffe00000   (2048 kB)
Feb  3 12:58:22 jon-VirtualBox kernel: [    0.000000]     vmalloc : 0xf83fe000 - 0xffbfe000   ( 120 MB)
Feb  3 12:58:22 jon-VirtualBox kernel: [    0.000000]     lowmem  : 0xc0000000 - 0xf7bfe000   ( 891 MB)
Feb  3 12:58:22 jon-VirtualBox kernel: [    0.000000]       .init : 0xc1bb4000 - 0xc1ca2000   ( 952 kB)
Feb  3 12:58:22 jon-VirtualBox kernel: [    0.000000]       .data : 0xc17dc42c - 0xc1bb2c80   (3930 kB)
Feb  3 12:58:22 jon-VirtualBox kernel: [    0.000000]       .text : 0xc1000000 - 0xc17dc42c   (8049 kB)
Feb  3 12:58:22 jon-VirtualBox kernel: [    0.000000] Checking if this processor honours the WP bit even in supervisor mode...Ok.
Feb  3 12:58:22 jon-VirtualBox kernel: [    0.000000] SLUB: HWalign=64, Order=0-3, MinObjects=0, CPUs=1, Nodes=1
Feb  3 12:58:22 jon-VirtualBox kernel: [    0.000000] Hierarchical RCU implementation.
Feb  3 12:58:22 jon-VirtualBox kernel: [    0.000000] 	Build-time adjustment of leaf fanout to 32.
Feb  3 12:58:22 jon-VirtualBox kernel: [    0.000000] 	RCU restricting CPUs from NR_CPUS=8 to nr_cpu_ids=1.
Feb  3 12:58:22 jon-VirtualBox kernel: [    0.000000] RCU: Adjusting geometry for rcu_fanout_leaf=32, nr_cpu_ids=1
Feb  3 12:58:22 jon-VirtualBox kernel: [    0.000000] NR_IRQS:2304 nr_irqs:32 16
Feb  3 12:58:22 jon-VirtualBox kernel: [    0.000000] CPU 0 irqstacks, hard=f2434000 soft=f2436000
Feb  3 12:58:22 jon-VirtualBox kernel: [    0.000000] Console: colour VGA+ 80x25
Feb  3 12:58:22 jon-VirtualBox kernel: [    0.000000] console [tty0] enabled
Feb  3 12:58:22 jon-VirtualBox kernel: [    0.000000] allocated 4194304 bytes of page_ext
Feb  3 12:58:22 jon-VirtualBox kernel: [    0.000000] tsc: Detected 2592.002 MHz processor
Feb  3 12:58:22 jon-VirtualBox kernel: [    0.994410] Calibrating delay loop (skipped) preset value.. 5184.00 BogoMIPS (lpj=10368008)
Feb  3 12:58:22 jon-VirtualBox kernel: [    0.994419] pid_max: default: 32768 minimum: 301
Feb  3 12:58:22 jon-VirtualBox kernel: [    0.994432] ACPI: Core revision 20150930
Feb  3 12:58:22 jon-VirtualBox kernel: [    0.998396] ACPI: 2 ACPI AML tables successfully acquired and loaded
Feb  3 12:58:22 jon-VirtualBox kernel: [    0.998516] ACPI: setting ELCR to 0200 (from 0e00)
Feb  3 12:58:22 jon-VirtualBox kernel: [    0.998646] Security Framework initialized
Feb  3 12:58:22 jon-VirtualBox kernel: [    0.998648] Yama: becoming mindful.
Feb  3 12:58:22 jon-VirtualBox kernel: [    0.998662] AppArmor: AppArmor initialized
Feb  3 12:58:22 jon-VirtualBox kernel: [    0.998862] Mount-cache hash table entries: 2048 (order: 1, 8192 bytes)
Feb  3 12:58:22 jon-VirtualBox kernel: [    0.998866] Mountpoint-cache hash table entries: 2048 (order: 1, 8192 bytes)
Feb  3 12:58:22 jon-VirtualBox kernel: [    0.999065] Initializing cgroup subsys io
Feb  3 12:58:22 jon-VirtualBox kernel: [    0.999070] Initializing cgroup subsys memory
Feb  3 12:58:22 jon-VirtualBox kernel: [    0.999076] Initializing cgroup subsys devices
Feb  3 12:58:22 jon-VirtualBox kernel: [    0.999080] Initializing cgroup subsys freezer
Feb  3 12:58:22 jon-VirtualBox kernel: [    0.999083] Initializing cgroup subsys net_cls
Feb  3 12:58:22 jon-VirtualBox kernel: [    0.999087] Initializing cgroup subsys perf_event
Feb  3 12:58:22 jon-VirtualBox kernel: [    0.999091] Initializing cgroup subsys net_prio
Feb  3 12:58:22 jon-VirtualBox kernel: [    0.999095] Initializing cgroup subsys hugetlb
Feb  3 12:58:22 jon-VirtualBox kernel: [    0.999098] Initializing cgroup subsys pids
Feb  3 12:58:22 jon-VirtualBox kernel: [    1.004426] mce: CPU supports 0 MCE banks
Feb  3 12:58:22 jon-VirtualBox kernel: [    1.005098] process: using mwait in idle threads
Feb  3 12:58:22 jon-VirtualBox kernel: [    1.005194] Last level iTLB entries: 4KB 64, 2MB 8, 4MB 8
Feb  3 12:58:22 jon-VirtualBox kernel: [    1.005354] Last level dTLB entries: 4KB 64, 2MB 0, 4MB 0, 1GB 4
Feb  3 12:58:22 jon-VirtualBox kernel: [    1.005359] Spectre V2 : Mitigation: Full generic retpoline
Feb  3 12:58:22 jon-VirtualBox kernel: [    1.005361] Spectre V2 : Spectre v2 mitigation: Speculation control IBPB not-supported IBRS not-supported
Feb  3 12:58:22 jon-VirtualBox kernel: [    1.005364] Spectre V2 : Spectre v2 / SpectreRSB mitigation: Filling RSB on context switch
Feb  3 12:58:22 jon-VirtualBox kernel: [    1.005366] Speculative Store Bypass: Vulnerable
Feb  3 12:58:22 jon-VirtualBox kernel: [    1.273825] Freeing SMP alternatives memory: 32K
Feb  3 12:58:22 jon-VirtualBox kernel: [    1.438952] ftrace: allocating 31490 entries in 62 pages
Feb  3 12:58:22 jon-VirtualBox kernel: [    2.162036] smpboot: Max logical packages: 1
Feb  3 12:58:22 jon-VirtualBox kernel: [    2.162292] smpboot: weird, boot CPU (#0) not listed by the BIOS
Feb  3 12:58:22 jon-VirtualBox kernel: [    2.162416] smpboot: SMP motherboard not detected
Feb  3 12:58:22 jon-VirtualBox kernel: [    2.162418] smpboot: SMP disabled
Feb  3 12:58:22 jon-VirtualBox kernel: [    2.162420] Enabling APIC mode:  Flat.  Using 0 I/O APICs
Feb  3 12:58:22 jon-VirtualBox kernel: [    2.265742] APIC calibration not consistent with PM-Timer: 98ms instead of 100ms
Feb  3 12:58:22 jon-VirtualBox kernel: [    2.265745] APIC delta adjusted to PM-Timer: 6272788 (6183924)
Feb  3 12:58:22 jon-VirtualBox kernel: [    2.267118] Performance Events: unsupported p6 CPU model 94 no PMU driver, software events only.
Feb  3 12:58:22 jon-VirtualBox kernel: [    2.267474] KVM setup paravirtual spinlock
Feb  3 12:58:22 jon-VirtualBox kernel: [    2.268394] x86: Booted up 1 node, 1 CPUs
Feb  3 12:58:22 jon-VirtualBox kernel: [    2.268396] smpboot: Total of 1 processors activated (5184.00 BogoMIPS)
Feb  3 12:58:22 jon-VirtualBox kernel: [    2.268487] devtmpfs: initialized
Feb  3 12:58:22 jon-VirtualBox kernel: [    2.268869] evm: security.selinux
Feb  3 12:58:22 jon-VirtualBox kernel: [    2.268870] evm: security.SMACK64
Feb  3 12:58:22 jon-VirtualBox kernel: [    2.268871] evm: security.SMACK64EXEC
Feb  3 12:58:22 jon-VirtualBox kernel: [    2.268872] evm: security.SMACK64TRANSMUTE
Feb  3 12:58:22 jon-VirtualBox kernel: [    2.268873] evm: security.SMACK64MMAP
Feb  3 12:58:22 jon-VirtualBox kernel: [    2.268874] evm: security.ima
Feb  3 12:58:22 jon-VirtualBox kernel: [    2.268875] evm: security.capability
Feb  3 12:58:22 jon-VirtualBox kernel: [    2.269004] clocksource: jiffies: mask: 0xffffffff max_cycles: 0xffffffff, max_idle_ns: 7645041785100000 ns
Feb  3 12:58:22 jon-VirtualBox kernel: [    2.269009] futex hash table entries: 256 (order: 2, 16384 bytes)
Feb  3 12:58:22 jon-VirtualBox kernel: [    2.269066] pinctrl core: initialized pinctrl subsystem
Feb  3 12:58:22 jon-VirtualBox kernel: [    2.270380] RTC time:  5:31:24, date: 02/01/19
Feb  3 12:58:22 jon-VirtualBox kernel: [    2.271280] NET: Registered protocol family 16
Feb  3 12:58:22 jon-VirtualBox kernel: [    2.271451] EISA bus registered
Feb  3 12:58:22 jon-VirtualBox kernel: [    2.271454] cpuidle: using governor ladder
Feb  3 12:58:22 jon-VirtualBox kernel: [    2.271456] cpuidle: using governor menu
Feb  3 12:58:22 jon-VirtualBox kernel: [    2.271458] PCCT header not found.
Feb  3 12:58:22 jon-VirtualBox kernel: [    2.271556] ACPI: bus type PCI registered
Feb  3 12:58:22 jon-VirtualBox kernel: [    2.271558] acpiphp: ACPI Hot Plug PCI Controller Driver version: 0.5
Feb  3 12:58:22 jon-VirtualBox kernel: [    2.273745] PCI : PCI BIOS area is rw and x. Use pci=nobios if you want it NX.
Feb  3 12:58:22 jon-VirtualBox kernel: [    2.273749] PCI: PCI BIOS revision 2.10 entry at 0xfda26, last bus=0
Feb  3 12:58:22 jon-VirtualBox kernel: [    2.273750] PCI: Using configuration type 1 for base access
Feb  3 12:58:22 jon-VirtualBox kernel: [    2.275907] ACPI: Added _OSI(Module Device)
Feb  3 12:58:22 jon-VirtualBox kernel: [    2.275909] ACPI: Added _OSI(Processor Device)
Feb  3 12:58:22 jon-VirtualBox kernel: [    2.275911] ACPI: Added _OSI(3.0 _SCP Extensions)
Feb  3 12:58:22 jon-VirtualBox kernel: [    2.275912] ACPI: Added _OSI(Processor Aggregator Device)
Feb  3 12:58:22 jon-VirtualBox kernel: [    2.282484] ACPI: Executed 1 blocks of module-level executable AML code
Feb  3 12:58:22 jon-VirtualBox kernel: [    2.293087] ACPI: Interpreter enabled
Feb  3 12:58:22 jon-VirtualBox kernel: [    2.293109] ACPI: (supports S0 S5)
Feb  3 12:58:22 jon-VirtualBox kernel: [    2.293112] ACPI: Using PIC for interrupt routing
Feb  3 12:58:22 jon-VirtualBox kernel: [    2.294365] PCI: Using host bridge windows from ACPI; if necessary, use "pci=nocrs" and report a bug
Feb  3 12:58:22 jon-VirtualBox kernel: [    2.328235] ACPI: PCI Root Bridge [PCI0] (domain 0000 [bus 00-ff])
Feb  3 12:58:22 jon-VirtualBox kernel: [    2.328391] acpi PNP0A03:00: _OSC: OS supports [ASPM ClockPM Segments MSI]
Feb  3 12:58:22 jon-VirtualBox kernel: [    2.328397] acpi PNP0A03:00: _OSC failed (AE_NOT_FOUND); disabling ASPM
Feb  3 12:58:22 jon-VirtualBox kernel: [    2.328401] acpi PNP0A03:00: fail to add MMCONFIG information, can't access extended PCI configuration space under this bridge.
Feb  3 12:58:22 jon-VirtualBox kernel: [    2.333330] PCI host bridge to bus 0000:00
Feb  3 12:58:22 jon-VirtualBox kernel: [    2.333334] pci_bus 0000:00: root bus resource [io  0x0000-0x0cf7 window]
Feb  3 12:58:22 jon-VirtualBox kernel: [    2.333337] pci_bus 0000:00: root bus resource [io  0x0d00-0xffff window]
Feb  3 12:58:22 jon-VirtualBox kernel: [    2.333339] pci_bus 0000:00: root bus resource [mem 0x000a0000-0x000bffff window]
Feb  3 12:58:22 jon-VirtualBox kernel: [    2.333341] pci_bus 0000:00: root bus resource [mem 0xe0000000-0xffdfffff window]
Feb  3 12:58:22 jon-VirtualBox kernel: [    2.333343] pci_bus 0000:00: root bus resource [bus 00-ff]
Feb  3 12:58:22 jon-VirtualBox kernel: [    2.334374] pci 0000:00:00.0: [8086:1237] type 00 class 0x060000
Feb  3 12:58:22 jon-VirtualBox kernel: [    2.349626] pci 0000:00:01.0: [8086:7000] type 00 class 0x060100
Feb  3 12:58:22 jon-VirtualBox kernel: [    2.371282] pci 0000:00:01.1: [8086:7111] type 00 class 0x01018a
Feb  3 12:58:22 jon-VirtualBox kernel: [    2.385285] pci 0000:00:01.1: reg 0x20: [io  0xd000-0xd00f]
Feb  3 12:58:22 jon-VirtualBox kernel: [    2.390825] pci 0000:00:01.1: legacy IDE quirk: reg 0x10: [io  0x01f0-0x01f7]
Feb  3 12:58:22 jon-VirtualBox kernel: [    2.390828] pci 0000:00:01.1: legacy IDE quirk: reg 0x14: [io  0x03f6]
Feb  3 12:58:22 jon-VirtualBox kernel: [    2.390830] pci 0000:00:01.1: legacy IDE quirk: reg 0x18: [io  0x0170-0x0177]
Feb  3 12:58:22 jon-VirtualBox kernel: [    2.390832] pci 0000:00:01.1: legacy IDE quirk: reg 0x1c: [io  0x0376]
Feb  3 12:58:22 jon-VirtualBox kernel: [    2.397633] pci 0000:00:02.0: [80ee:beef] type 00 class 0x030000
Feb  3 12:58:22 jon-VirtualBox kernel: [    2.407388] pci 0000:00:02.0: reg 0x10: [mem 0xe0000000-0xe0ffffff pref]
Feb  3 12:58:22 jon-VirtualBox kernel: [    2.464028] pci 0000:00:03.0: [8086:100e] type 00 class 0x020000
Feb  3 12:58:22 jon-VirtualBox kernel: [    2.476267] pci 0000:00:03.0: reg 0x10: [mem 0xf0000000-0xf001ffff]
Feb  3 12:58:22 jon-VirtualBox kernel: [    2.490351] pci 0000:00:03.0: reg 0x18: [io  0xd010-0xd017]
Feb  3 12:58:22 jon-VirtualBox kernel: [    2.535508] pci 0000:00:04.0: [80ee:cafe] type 00 class 0x088000
Feb  3 12:58:22 jon-VirtualBox kernel: [    2.545042] pci 0000:00:04.0: reg 0x10: [io  0xd020-0xd03f]
Feb  3 12:58:22 jon-VirtualBox kernel: [    2.553120] pci 0000:00:04.0: reg 0x14: [mem 0xf0400000-0xf07fffff]
Feb  3 12:58:22 jon-VirtualBox kernel: [    2.561532] pci 0000:00:04.0: reg 0x18: [mem 0xf0800000-0xf0803fff pref]
Feb  3 12:58:22 jon-VirtualBox kernel: [    2.598328] pci 0000:00:05.0: [8086:2415] type 00 class 0x040100
Feb  3 12:58:22 jon-VirtualBox kernel: [    2.601593] pci 0000:00:05.0: reg 0x10: [io  0xd100-0xd1ff]
Feb  3 12:58:22 jon-VirtualBox kernel: [    2.603342] pci 0000:00:05.0: reg 0x14: [io  0xd200-0xd23f]
Feb  3 12:58:22 jon-VirtualBox kernel: [    2.621484] pci 0000:00:06.0: [106b:003f] type 00 class 0x0c0310
Feb  3 12:58:22 jon-VirtualBox kernel: [    2.632214] pci 0000:00:06.0: reg 0x10: [mem 0xf0804000-0xf0804fff]
Feb  3 12:58:22 jon-VirtualBox kernel: [    2.686875] pci 0000:00:07.0: [8086:7113] type 00 class 0x068000
Feb  3 12:58:22 jon-VirtualBox kernel: [    2.705543] pci 0000:00:07.0: quirk: [io  0x4000-0x403f] claimed by PIIX4 ACPI
Feb  3 12:58:22 jon-VirtualBox kernel: [    2.705800] pci 0000:00:07.0: quirk: [io  0x4100-0x410f] claimed by PIIX4 SMB
Feb  3 12:58:22 jon-VirtualBox kernel: [    2.714919] pci 0000:00:0d.0: [8086:2829] type 00 class 0x010601
Feb  3 12:58:22 jon-VirtualBox kernel: [    2.729215] pci 0000:00:0d.0: reg 0x10: [io  0xd240-0xd247]
Feb  3 12:58:22 jon-VirtualBox kernel: [    2.743109] pci 0000:00:0d.0: reg 0x18: [io  0xd250-0xd257]
Feb  3 12:58:22 jon-VirtualBox kernel: [    2.758224] pci 0000:00:0d.0: reg 0x20: [io  0xd260-0xd26f]
Feb  3 12:58:22 jon-VirtualBox kernel: [    2.768151] pci 0000:00:0d.0: reg 0x24: [mem 0xf0806000-0xf0807fff]
Feb  3 12:58:22 jon-VirtualBox kernel: [    2.789360] pci_bus 0000:00: on NUMA node 0
Feb  3 12:58:22 jon-VirtualBox kernel: [    2.801097] ACPI: PCI Interrupt Link [LNKA] (IRQs 5 9 10 *11)
Feb  3 12:58:22 jon-VirtualBox kernel: [    2.803510] ACPI: PCI Interrupt Link [LNKB] (IRQs 5 9 10 *11)
Feb  3 12:58:22 jon-VirtualBox kernel: [    2.805227] ACPI: PCI Interrupt Link [LNKC] (IRQs 5 9 *10 11)
Feb  3 12:58:22 jon-VirtualBox kernel: [    2.807235] ACPI: PCI Interrupt Link [LNKD] (IRQs 5 *9 10 11)
Feb  3 12:58:22 jon-VirtualBox kernel: [    2.809887] ACPI: Enabled 2 GPEs in block 00 to 07
Feb  3 12:58:22 jon-VirtualBox kernel: [    2.812781] vgaarb: setting as boot device: PCI:0000:00:02.0
Feb  3 12:58:22 jon-VirtualBox kernel: [    2.812785] vgaarb: device added: PCI:0000:00:02.0,decodes=io+mem,owns=io+mem,locks=none
Feb  3 12:58:22 jon-VirtualBox kernel: [    2.812788] vgaarb: loaded
Feb  3 12:58:22 jon-VirtualBox kernel: [    2.812789] vgaarb: bridge control possible 0000:00:02.0
Feb  3 12:58:22 jon-VirtualBox kernel: [    2.813858] SCSI subsystem initialized
Feb  3 12:58:22 jon-VirtualBox kernel: [    2.814224] libata version 3.00 loaded.
Feb  3 12:58:22 jon-VirtualBox kernel: [    2.814515] ACPI: bus type USB registered
Feb  3 12:58:22 jon-VirtualBox kernel: [    2.814761] usbcore: registered new interface driver usbfs
Feb  3 12:58:22 jon-VirtualBox kernel: [    2.814773] usbcore: registered new interface driver hub
Feb  3 12:58:22 jon-VirtualBox kernel: [    2.814786] usbcore: registered new device driver usb
Feb  3 12:58:22 jon-VirtualBox kernel: [    2.815444] PCI: Using ACPI for IRQ routing
Feb  3 12:58:22 jon-VirtualBox kernel: [    2.815446] PCI: pci_cache_line_size set to 64 bytes
Feb  3 12:58:22 jon-VirtualBox kernel: [    2.822551] e820: reserve RAM buffer [mem 0x0009fc00-0x0009ffff]
Feb  3 12:58:22 jon-VirtualBox kernel: [    2.822671] e820: reserve RAM buffer [mem 0xdfff0000-0xdfffffff]
Feb  3 12:58:22 jon-VirtualBox kernel: [    2.823453] NetLabel: Initializing
Feb  3 12:58:22 jon-VirtualBox kernel: [    2.823455] NetLabel:  domain hash size = 128
Feb  3 12:58:22 jon-VirtualBox kernel: [    2.823456] NetLabel:  protocols = UNLABELED CIPSOv4
Feb  3 12:58:22 jon-VirtualBox kernel: [    2.823466] NetLabel:  unlabeled traffic allowed by default
Feb  3 12:58:22 jon-VirtualBox kernel: [    2.823746] amd_nb: Cannot enumerate AMD northbridges
Feb  3 12:58:22 jon-VirtualBox kernel: [    2.823758] clocksource: Switched to clocksource kvm-clock
Feb  3 12:58:22 jon-VirtualBox kernel: [    2.840266] AppArmor: AppArmor Filesystem Enabled
Feb  3 12:58:22 jon-VirtualBox kernel: [    2.840451] pnp: PnP ACPI init
Feb  3 12:58:22 jon-VirtualBox kernel: [    2.840580] pnp 00:00: Plug and Play ACPI device, IDs PNP0303 (active)
Feb  3 12:58:22 jon-VirtualBox kernel: [    2.841346] pnp 00:01: Plug and Play ACPI device, IDs PNP0f03 (active)
Feb  3 12:58:22 jon-VirtualBox kernel: [    2.851099] pnp: PnP ACPI: found 2 devices
Feb  3 12:58:22 jon-VirtualBox kernel: [    2.851108] PnPBIOS: Disabled by ACPI PNP
Feb  3 12:58:22 jon-VirtualBox kernel: [    2.891516] clocksource: acpi_pm: mask: 0xffffff max_cycles: 0xffffff, max_idle_ns: 2085701024 ns
Feb  3 12:58:22 jon-VirtualBox kernel: [    2.891533] pci_bus 0000:00: resource 4 [io  0x0000-0x0cf7 window]
Feb  3 12:58:22 jon-VirtualBox kernel: [    2.891535] pci_bus 0000:00: resource 5 [io  0x0d00-0xffff window]
Feb  3 12:58:22 jon-VirtualBox kernel: [    2.891537] pci_bus 0000:00: resource 6 [mem 0x000a0000-0x000bffff window]
Feb  3 12:58:22 jon-VirtualBox kernel: [    2.891539] pci_bus 0000:00: resource 7 [mem 0xe0000000-0xffdfffff window]
Feb  3 12:58:22 jon-VirtualBox kernel: [    2.891566] NET: Registered protocol family 2
Feb  3 12:58:22 jon-VirtualBox kernel: [    2.892279] TCP established hash table entries: 8192 (order: 3, 32768 bytes)
Feb  3 12:58:22 jon-VirtualBox kernel: [    2.892291] TCP bind hash table entries: 8192 (order: 4, 65536 bytes)
Feb  3 12:58:22 jon-VirtualBox kernel: [    2.892300] TCP: Hash tables configured (established 8192 bind 8192)
Feb  3 12:58:22 jon-VirtualBox kernel: [    2.892335] UDP hash table entries: 512 (order: 2, 16384 bytes)
Feb  3 12:58:22 jon-VirtualBox kernel: [    2.892701] UDP-Lite hash table entries: 512 (order: 2, 16384 bytes)
Feb  3 12:58:22 jon-VirtualBox kernel: [    2.892746] NET: Registered protocol family 1
Feb  3 12:58:22 jon-VirtualBox kernel: [    2.892759] pci 0000:00:00.0: Limiting direct PCI/PCI transfers
Feb  3 12:58:22 jon-VirtualBox kernel: [    2.893567] pci 0000:00:01.0: Activating ISA DMA hang workarounds
Feb  3 12:58:22 jon-VirtualBox kernel: [    2.894598] pci 0000:00:02.0: Video device with shadowed ROM
Feb  3 12:58:22 jon-VirtualBox kernel: [    2.901207] ACPI: PCI Interrupt Link [LNKB] enabled at IRQ 11
Feb  3 12:58:22 jon-VirtualBox kernel: [    2.901210] PCI: setting IRQ 11 as level-triggered
Feb  3 12:58:22 jon-VirtualBox kernel: [    2.908498] PCI: CLS 0 bytes, default 64
Feb  3 12:58:22 jon-VirtualBox kernel: [    2.908739] Unpacking initramfs...
Feb  3 12:58:22 jon-VirtualBox kernel: [    4.089796] Freeing initrd memory: 38612K
Feb  3 12:58:22 jon-VirtualBox kernel: [    4.091327] platform rtc_cmos: registered platform RTC device (no PNP device found)
Feb  3 12:58:22 jon-VirtualBox kernel: [    4.091372] Scanning for low memory corruption every 60 seconds
Feb  3 12:58:22 jon-VirtualBox kernel: [    4.092614] audit: initializing netlink subsys (disabled)
Feb  3 12:58:22 jon-VirtualBox kernel: [    4.092632] audit: type=2000 audit(1549242854.673:1): initialized
Feb  3 12:58:22 jon-VirtualBox kernel: [    4.092921] Initialise system trusted keyring
Feb  3 12:58:22 jon-VirtualBox kernel: [    4.093365] HugeTLB registered 2 MB page size, pre-allocated 0 pages
Feb  3 12:58:22 jon-VirtualBox kernel: [    4.095431] zbud: loaded
Feb  3 12:58:22 jon-VirtualBox kernel: [    4.095963] VFS: Disk quotas dquot_6.6.0
Feb  3 12:58:22 jon-VirtualBox kernel: [    4.096158] VFS: Dquot-cache hash table entries: 1024 (order 0, 4096 bytes)
Feb  3 12:58:22 jon-VirtualBox kernel: [    4.096338] squashfs: version 4.0 (2009/01/31) Phillip Lougher
Feb  3 12:58:22 jon-VirtualBox kernel: [    4.096714] fuse init (API version 7.23)
Feb  3 12:58:22 jon-VirtualBox kernel: [    4.096825] Key type big_key registered
Feb  3 12:58:22 jon-VirtualBox kernel: [    4.096841] Allocating IMA MOK and blacklist keyrings.
Feb  3 12:58:22 jon-VirtualBox kernel: [    4.097253] Key type asymmetric registered
Feb  3 12:58:22 jon-VirtualBox kernel: [    4.097322] Asymmetric key parser 'x509' registered
Feb  3 12:58:22 jon-VirtualBox kernel: [    4.097337] bounce: pool size: 64 pages
Feb  3 12:58:22 jon-VirtualBox kernel: [    4.097366] Block layer SCSI generic (bsg) driver version 0.4 loaded (major 249)
Feb  3 12:58:22 jon-VirtualBox kernel: [    4.097388] io scheduler noop registered
Feb  3 12:58:22 jon-VirtualBox kernel: [    4.097391] io scheduler deadline registered (default)
Feb  3 12:58:22 jon-VirtualBox kernel: [    4.097482] io scheduler cfq registered
Feb  3 12:58:22 jon-VirtualBox kernel: [    4.097742] pci_hotplug: PCI Hot Plug PCI Core version: 0.5
Feb  3 12:58:22 jon-VirtualBox kernel: [    4.097748] pciehp: PCI Express Hot Plug Controller Driver version: 0.4
Feb  3 12:58:22 jon-VirtualBox kernel: [    4.098401] ACPI: AC Adapter [AC] (on-line)
Feb  3 12:58:22 jon-VirtualBox kernel: [    4.098450] input: Power Button as /devices/LNXSYSTM:00/LNXPWRBN:00/input/input0
Feb  3 12:58:22 jon-VirtualBox kernel: [    4.098453] ACPI: Power Button [PWRF]
Feb  3 12:58:22 jon-VirtualBox kernel: [    4.099473] input: Sleep Button as /devices/LNXSYSTM:00/LNXSLPBN:00/input/input1
Feb  3 12:58:22 jon-VirtualBox kernel: [    4.099477] ACPI: Sleep Button [SLPF]
Feb  3 12:58:22 jon-VirtualBox kernel: [    4.104765] GHES: HEST is not enabled!
Feb  3 12:58:22 jon-VirtualBox kernel: [    4.104931] Serial: 8250/16550 driver, 32 ports, IRQ sharing enabled
Feb  3 12:58:22 jon-VirtualBox kernel: [    4.109362] isapnp: Scanning for PnP cards...
Feb  3 12:58:22 jon-VirtualBox kernel: [    4.131004] ACPI: Battery Slot [BAT0] (battery present)
Feb  3 12:58:22 jon-VirtualBox kernel: [    4.131080] Linux agpgart interface v0.103
Feb  3 12:58:22 jon-VirtualBox kernel: [    4.202471] loop: module loaded
Feb  3 12:58:22 jon-VirtualBox kernel: [    4.202743] ata_piix 0000:00:01.1: version 2.13
Feb  3 12:58:22 jon-VirtualBox kernel: [    4.206683] scsi host0: ata_piix
Feb  3 12:58:22 jon-VirtualBox kernel: [    4.206782] scsi host1: ata_piix
Feb  3 12:58:22 jon-VirtualBox kernel: [    4.207127] ata1: PATA max UDMA/33 cmd 0x1f0 ctl 0x3f6 bmdma 0xd000 irq 14
Feb  3 12:58:22 jon-VirtualBox kernel: [    4.207131] ata2: PATA max UDMA/33 cmd 0x170 ctl 0x376 bmdma 0xd008 irq 15
Feb  3 12:58:22 jon-VirtualBox kernel: [    4.207254] libphy: Fixed MDIO Bus: probed
Feb  3 12:58:22 jon-VirtualBox kernel: [    4.207260] tun: Universal TUN/TAP device driver, 1.6
Feb  3 12:58:22 jon-VirtualBox kernel: [    4.207261] tun: (C) 1999-2004 Max Krasnyansky <maxk@qualcomm.com>
Feb  3 12:58:22 jon-VirtualBox kernel: [    4.213554] PPP generic driver version 2.4.2
Feb  3 12:58:22 jon-VirtualBox kernel: [    4.213627] ehci_hcd: USB 2.0 'Enhanced' Host Controller (EHCI) Driver
Feb  3 12:58:22 jon-VirtualBox kernel: [    4.213633] ehci-pci: EHCI PCI platform driver
Feb  3 12:58:22 jon-VirtualBox kernel: [    4.213642] ehci-platform: EHCI generic platform driver
Feb  3 12:58:22 jon-VirtualBox kernel: [    4.213651] ohci_hcd: USB 1.1 'Open' Host Controller (OHCI) Driver
Feb  3 12:58:22 jon-VirtualBox kernel: [    4.213654] ohci-pci: OHCI PCI platform driver
Feb  3 12:58:22 jon-VirtualBox kernel: [    4.226181] ohci-pci 0000:00:06.0: OHCI PCI host controller
Feb  3 12:58:22 jon-VirtualBox kernel: [    4.226211] ohci-pci 0000:00:06.0: new USB bus registered, assigned bus number 1
Feb  3 12:58:22 jon-VirtualBox kernel: [    4.226698] ohci-pci 0000:00:06.0: irq 11, io mem 0xf0804000
Feb  3 12:58:22 jon-VirtualBox systemd-modules-load[185]: Inserted module 'lp'
Feb  3 12:58:22 jon-VirtualBox systemd-modules-load[185]: Inserted module 'ppdev'
Feb  3 12:58:22 jon-VirtualBox systemd-modules-load[185]: Inserted module 'parport_pc'
Feb  3 12:58:22 jon-VirtualBox systemd[1]: Started Load Kernel Modules.
Feb  3 12:58:22 jon-VirtualBox systemd[1]: Starting Apply Kernel Variables...
Feb  3 12:58:22 jon-VirtualBox systemd[1]: Mounting FUSE Control File System...
Feb  3 12:58:22 jon-VirtualBox systemd[1]: Starting udev Coldplug all Devices...
Feb  3 12:58:22 jon-VirtualBox systemd[1]: Starting Flush Journal to Persistent Storage...
Feb  3 12:58:22 jon-VirtualBox systemd[1]: Starting Load/Save Random Seed...
Feb  3 12:58:22 jon-VirtualBox systemd[1]: Starting Create Static Device Nodes in /dev...
Feb  3 12:58:22 jon-VirtualBox systemd[1]: Mounted FUSE Control File System.
Feb  3 12:58:22 jon-VirtualBox systemd[1]: Started Apply Kernel Variables.
Feb  3 12:58:22 jon-VirtualBox systemd[1]: Started Load/Save Random Seed.
Feb  3 12:58:22 jon-VirtualBox loadkeys[173]: Loading /etc/console-setup/cached.kmap.gz
Feb  3 12:58:22 jon-VirtualBox systemd[1]: Started Set console keymap.
Feb  3 12:58:22 jon-VirtualBox systemd[1]: Started Flush Journal to Persistent Storage.
Feb  3 12:58:22 jon-VirtualBox systemd[1]: Started Create Static Device Nodes in /dev.
Feb  3 12:58:22 jon-VirtualBox systemd[1]: Started udev Coldplug all Devices.
Feb  3 12:58:22 jon-VirtualBox systemd[1]: Starting udev Kernel Device Manager...
Feb  3 12:58:22 jon-VirtualBox systemd[1]: Reached target Local File Systems (Pre).
Feb  3 12:58:22 jon-VirtualBox systemd[1]: Reached target Local File Systems.
Feb  3 12:58:22 jon-VirtualBox systemd[1]: Starting LSB: AppArmor initialization...
Feb  3 12:58:22 jon-VirtualBox systemd[1]: Starting Enable support for additional executable binary formats...
Feb  3 12:58:22 jon-VirtualBox systemd[1]: Starting Create Volatile Files and Directories...
Feb  3 12:58:22 jon-VirtualBox systemd[1]: Starting Clean up any mess left by 0dns-up...
Feb  3 12:58:22 jon-VirtualBox systemd[1]: Starting Tell Plymouth To Write Out Runtime Data...
Feb  3 12:58:22 jon-VirtualBox systemd-tmpfiles[235]: [/usr/lib/tmpfiles.d/var.conf:14] Duplicate line for path "/var/log", ignoring.
Feb  3 12:58:22 jon-VirtualBox systemd[1]: Starting Set console font and keymap...
Feb  3 12:58:22 jon-VirtualBox systemd[1]: Mounting Mount unit for core, revision 6258...
Feb  3 12:58:22 jon-VirtualBox systemd[1]: Mounting Mount unit for eclipse, revision 30...
Feb  3 12:58:22 jon-VirtualBox systemd[1]: Mounting Mount unit for core, revision 6128...
Feb  3 12:58:22 jon-VirtualBox systemd[1]: Mounting Mount unit for core, revision 6349...
Feb  3 12:58:22 jon-VirtualBox systemd[1]: Started Create Volatile Files and Directories.
Feb  3 12:58:22 jon-VirtualBox systemd[1]: Started Tell Plymouth To Write Out Runtime Data.
Feb  3 12:58:22 jon-VirtualBox systemd[1]: Started udev Kernel Device Manager.
Feb  3 12:58:22 jon-VirtualBox systemd[1]: proc-sys-fs-binfmt_misc.automount: Got automount request for /proc/sys/fs/binfmt_misc, triggered by 234 (update-binfmts)
Feb  3 12:58:22 jon-VirtualBox systemd[1]: Started Clean up any mess left by 0dns-up.
Feb  3 12:58:22 jon-VirtualBox systemd[1]: Mounted Mount unit for core, revision 6128.
Feb  3 12:58:22 jon-VirtualBox systemd[1]: Mounted Mount unit for core, revision 6258.
Feb  3 12:58:22 jon-VirtualBox systemd[1]: Mounted Mount unit for core, revision 6349.
Feb  3 12:58:22 jon-VirtualBox systemd[1]: Mounted Mount unit for eclipse, revision 30.
Feb  3 12:58:22 jon-VirtualBox apparmor[233]:  * Starting AppArmor profiles
Feb  3 12:58:22 jon-VirtualBox systemd[1]: Starting Nameserver information manager...
Feb  3 12:58:22 jon-VirtualBox systemd[1]: Mounting Arbitrary Executable File Formats File System...
Feb  3 12:58:22 jon-VirtualBox systemd[1]: Starting Show Plymouth Boot Screen...
Feb  3 12:58:22 jon-VirtualBox systemd[1]: Starting Network Time Synchronization...
Feb  3 12:58:22 jon-VirtualBox systemd[1]: Starting Update UTMP about System Boot/Shutdown...
Feb  3 12:58:22 jon-VirtualBox systemd[1]: Mounted Arbitrary Executable File Formats File System.
Feb  3 12:58:22 jon-VirtualBox systemd-timesyncd[345]: System clock time unset or jumped backwards, restoring from recorded timestamp: Sun 2019-02-03 12:58:14 EST
Feb  3 12:58:22 jon-VirtualBox systemd[1]: Started Enable support for additional executable binary formats.
Feb  3 12:58:22 jon-VirtualBox systemd[1]: Started Nameserver information manager.
Feb  3 12:58:22 jon-VirtualBox systemd[1]: Started Network Time Synchronization.
Feb  3 12:58:22 jon-VirtualBox systemd[1]: Time has been changed
Feb  3 12:58:22 jon-VirtualBox systemd[1]: Started Update UTMP about System Boot/Shutdown.
Feb  3 12:58:22 jon-VirtualBox apparmor[233]: Skipping profile in /etc/apparmor.d/disable: usr.bin.firefox
Feb  3 12:58:22 jon-VirtualBox apparmor[233]: Skipping profile in /etc/apparmor.d/disable: usr.sbin.rsyslogd
Feb  3 12:58:22 jon-VirtualBox systemd[1]: Reached target System Time Synchronized.
Feb  3 12:58:22 jon-VirtualBox systemd[1]: Reached target Network (Pre).
Feb  3 12:58:22 jon-VirtualBox apparmor[233]:    ...done.
Feb  3 12:58:22 jon-VirtualBox systemd[1]: Started LSB: AppArmor initialization.
Feb  3 12:58:22 jon-VirtualBox systemd[1]: Starting Raise network interfaces...
Feb  3 12:58:22 jon-VirtualBox mtp-probe: checking bus 1, device 2: "/sys/devices/pci0000:00/0000:00:06.0/usb1/1-1"
Feb  3 12:58:22 jon-VirtualBox mtp-probe: bus: 1, device: 2 was not an MTP device
Feb  3 12:58:22 jon-VirtualBox systemd[1]: Started Show Plymouth Boot Screen.
Feb  3 12:58:22 jon-VirtualBox systemd[1]: Started Forward Password Requests to Plymouth Directory Watch.
Feb  3 12:58:22 jon-VirtualBox systemd[1]: Started Raise network interfaces.
Feb  3 12:58:22 jon-VirtualBox systemd[1]: Listening on Load/Save RF Kill Switch Status /dev/rfkill Watch.
Feb  3 12:58:22 jon-VirtualBox systemd[1]: Found device VBOX_HARDDISK 5.
Feb  3 12:58:22 jon-VirtualBox systemd[1]: Activating swap /dev/disk/by-uuid/573d264d-0649-4b4c-b0e7-26daabda988a...
Feb  3 12:58:22 jon-VirtualBox systemd[1]: Activated swap /dev/disk/by-uuid/573d264d-0649-4b4c-b0e7-26daabda988a.
Feb  3 12:58:22 jon-VirtualBox kernel: [    4.303147] usb usb1: New USB device found, idVendor=1d6b, idProduct=0001
Feb  3 12:58:22 jon-VirtualBox kernel: [    4.303151] usb usb1: New USB device strings: Mfr=3, Product=2, SerialNumber=1
Feb  3 12:58:22 jon-VirtualBox kernel: [    4.303153] usb usb1: Product: OHCI PCI host controller
Feb  3 12:58:22 jon-VirtualBox kernel: [    4.303170] usb usb1: Manufacturer: Linux 4.4.162jchang ohci_hcd
Feb  3 12:58:22 jon-VirtualBox kernel: [    4.303171] usb usb1: SerialNumber: 0000:00:06.0
Feb  3 12:58:22 jon-VirtualBox kernel: [    4.303281] hub 1-0:1.0: USB hub found
Feb  3 12:58:22 jon-VirtualBox kernel: [    4.303413] hub 1-0:1.0: 12 ports detected
Feb  3 12:58:22 jon-VirtualBox kernel: [    4.308827] ohci-platform: OHCI generic platform driver
Feb  3 12:58:22 jon-VirtualBox kernel: [    4.308841] uhci_hcd: USB Universal Host Controller Interface driver
Feb  3 12:58:22 jon-VirtualBox kernel: [    4.308902] i8042: PNP: PS/2 Controller [PNP0303:PS2K,PNP0f03:PS2M] at 0x60,0x64 irq 1,12
Feb  3 12:58:22 jon-VirtualBox kernel: [    4.315268] serio: i8042 KBD port at 0x60,0x64 irq 1
Feb  3 12:58:22 jon-VirtualBox kernel: [    4.315279] serio: i8042 AUX port at 0x60,0x64 irq 12
Feb  3 12:58:22 jon-VirtualBox kernel: [    4.315411] mousedev: PS/2 mouse device common for all mice
Feb  3 12:58:22 jon-VirtualBox kernel: [    4.323704] input: AT Translated Set 2 keyboard as /devices/platform/i8042/serio0/input/input2
Feb  3 12:58:22 jon-VirtualBox kernel: [    4.410618] ata2.00: ATAPI: VBOX CD-ROM, 1.0, max UDMA/133
Feb  3 12:58:22 jon-VirtualBox kernel: [    4.415196] rtc_cmos rtc_cmos: rtc core: registered rtc_cmos as rtc0
Feb  3 12:58:22 jon-VirtualBox kernel: [    4.416346] rtc_cmos rtc_cmos: alarms up to one day, 114 bytes nvram
Feb  3 12:58:22 jon-VirtualBox kernel: [    4.416548] i2c /dev entries driver
Feb  3 12:58:22 jon-VirtualBox kernel: [    4.416617] device-mapper: uevent: version 1.0.3
Feb  3 12:58:22 jon-VirtualBox kernel: [    4.419175] device-mapper: ioctl: 4.34.0-ioctl (2015-10-28) initialised: dm-devel@redhat.com
Feb  3 12:58:22 jon-VirtualBox kernel: [    4.419215] platform eisa.0: Probing EISA bus 0
Feb  3 12:58:22 jon-VirtualBox kernel: [    4.419219] platform eisa.0: EISA: Cannot allocate resource for mainboard
Feb  3 12:58:22 jon-VirtualBox kernel: [    4.419222] platform eisa.0: Cannot allocate resource for EISA slot 1
Feb  3 12:58:22 jon-VirtualBox kernel: [    4.419224] platform eisa.0: Cannot allocate resource for EISA slot 2
Feb  3 12:58:22 jon-VirtualBox kernel: [    4.419227] platform eisa.0: Cannot allocate resource for EISA slot 3
Feb  3 12:58:22 jon-VirtualBox kernel: [    4.419229] platform eisa.0: Cannot allocate resource for EISA slot 4
Feb  3 12:58:22 jon-VirtualBox kernel: [    4.419232] platform eisa.0: Cannot allocate resource for EISA slot 5
Feb  3 12:58:22 jon-VirtualBox kernel: [    4.419234] platform eisa.0: Cannot allocate resource for EISA slot 6
Feb  3 12:58:22 jon-VirtualBox kernel: [    4.419236] platform eisa.0: Cannot allocate resource for EISA slot 7
Feb  3 12:58:22 jon-VirtualBox kernel: [    4.419239] platform eisa.0: Cannot allocate resource for EISA slot 8
Feb  3 12:58:22 jon-VirtualBox kernel: [    4.419241] platform eisa.0: EISA: Detected 0 cards
Feb  3 12:58:22 jon-VirtualBox kernel: [    4.419267] cpufreq-nforce2: No nForce2 chipset.
Feb  3 12:58:22 jon-VirtualBox kernel: [    4.419278] ledtrig-cpu: registered to indicate activity on CPUs
Feb  3 12:58:22 jon-VirtualBox kernel: [    4.420200] ata2.00: configured for UDMA/33
Feb  3 12:58:22 jon-VirtualBox kernel: [    4.422739] NET: Registered protocol family 10
Feb  3 12:58:22 jon-VirtualBox kernel: [    4.423233] NET: Registered protocol family 17
Feb  3 12:58:22 jon-VirtualBox kernel: [    4.423250] Key type dns_resolver registered
Feb  3 12:58:22 jon-VirtualBox kernel: [    4.424227] Using IPI No-Shortcut mode
Feb  3 12:58:22 jon-VirtualBox kernel: [    4.424640] registered taskstats version 1
Feb  3 12:58:22 jon-VirtualBox kernel: [    4.424660] Loading compiled-in X.509 certificates
Feb  3 12:58:22 jon-VirtualBox kernel: [    4.427864] Loaded X.509 cert 'Build time autogenerated kernel key: 60acbb02e16dc75a6ba5eea361138958f6655ced'
Feb  3 12:58:22 jon-VirtualBox kernel: [    4.428249] zswap: loaded using pool lzo/zbud
Feb  3 12:58:22 jon-VirtualBox kernel: [    4.432578] Key type trusted registered
Feb  3 12:58:22 jon-VirtualBox kernel: [    4.441663] Key type encrypted registered
Feb  3 12:58:22 jon-VirtualBox kernel: [    4.441673] AppArmor: AppArmor sha1 policy hashing enabled
Feb  3 12:58:22 jon-VirtualBox kernel: [    4.441760] ima: No TPM chip found, activating TPM-bypass!
Feb  3 12:58:22 jon-VirtualBox kernel: [    4.441772] ima: Allocated hash algorithm: sha1
Feb  3 12:58:22 jon-VirtualBox kernel: [    4.441791] evm: HMAC attrs: 0x1
Feb  3 12:58:22 jon-VirtualBox kernel: [    4.449017]   Magic number: 7:55:516
Feb  3 12:58:22 jon-VirtualBox kernel: [    4.450312] rtc_cmos rtc_cmos: setting system clock to 2019-02-01 05:31:26 UTC (1548999086)
Feb  3 12:58:22 jon-VirtualBox kernel: [    4.450419] BIOS EDD facility v0.16 2004-Jun-25, 0 devices found
Feb  3 12:58:22 jon-VirtualBox kernel: [    4.450421] EDD information not available.
Feb  3 12:58:22 jon-VirtualBox kernel: [    4.450671] PM: Hibernation image not present or could not be loaded.
Feb  3 12:58:22 jon-VirtualBox kernel: [    4.782620] usb 1-1: new full-speed USB device number 2 using ohci-pci
Feb  3 12:58:22 jon-VirtualBox kernel: [    4.856404] isapnp: No Plug & Play device found
Feb  3 12:58:22 jon-VirtualBox kernel: [    4.860987] scsi 1:0:0:0: CD-ROM            VBOX     CD-ROM           1.0  PQ: 0 ANSI: 5
Feb  3 12:58:22 jon-VirtualBox kernel: [    4.879406] sr 1:0:0:0: [sr0] scsi3-mmc drive: 32x/32x xa/form2 tray
Feb  3 12:58:22 jon-VirtualBox kernel: [    4.879410] cdrom: Uniform CD-ROM driver Revision: 3.20
Feb  3 12:58:22 jon-VirtualBox kernel: [    4.880932] sr 1:0:0:0: Attached scsi CD-ROM sr0
Feb  3 12:58:22 jon-VirtualBox kernel: [    4.881003] sr 1:0:0:0: Attached scsi generic sg0 type 5
Feb  3 12:58:22 jon-VirtualBox kernel: [    4.882241] Freeing unused kernel memory: 952K
Feb  3 12:58:22 jon-VirtualBox kernel: [    4.892974] Write protecting the kernel text: 8052k
Feb  3 12:58:22 jon-VirtualBox kernel: [    4.893302] Write protecting the kernel read-only data: 3148k
Feb  3 12:58:22 jon-VirtualBox kernel: [    4.893304] NX-protecting the kernel data: 6284k
Feb  3 12:58:22 jon-VirtualBox kernel: [    4.931412] random: udevadm: uninitialized urandom read (16 bytes read, 6 bits of entropy available)
Feb  3 12:58:22 jon-VirtualBox kernel: [    4.935099] random: systemd-udevd: uninitialized urandom read (16 bytes read, 6 bits of entropy available)
Feb  3 12:58:22 jon-VirtualBox kernel: [    4.935585] random: systemd-udevd: uninitialized urandom read (16 bytes read, 6 bits of entropy available)
Feb  3 12:58:22 jon-VirtualBox kernel: [    4.980265] random: udevadm: uninitialized urandom read (16 bytes read, 6 bits of entropy available)
Feb  3 12:58:22 jon-VirtualBox kernel: [    4.980697] random: udevadm: uninitialized urandom read (16 bytes read, 6 bits of entropy available)
Feb  3 12:58:22 jon-VirtualBox kernel: [    4.980836] random: udevadm: uninitialized urandom read (16 bytes read, 6 bits of entropy available)
Feb  3 12:58:22 jon-VirtualBox kernel: [    4.981130] random: udevadm: uninitialized urandom read (16 bytes read, 6 bits of entropy available)
Feb  3 12:58:22 jon-VirtualBox kernel: [    4.981228] random: udevadm: uninitialized urandom read (16 bytes read, 6 bits of entropy available)
Feb  3 12:58:22 jon-VirtualBox kernel: [    4.981338] random: udevadm: uninitialized urandom read (16 bytes read, 6 bits of entropy available)
Feb  3 12:58:22 jon-VirtualBox kernel: [    4.981604] random: udevadm: uninitialized urandom read (16 bytes read, 6 bits of entropy available)
Feb  3 12:58:22 jon-VirtualBox kernel: [    5.117148] usb 1-1: New USB device found, idVendor=80ee, idProduct=0021
Feb  3 12:58:22 jon-VirtualBox kernel: [    5.117151] usb 1-1: New USB device strings: Mfr=1, Product=3, SerialNumber=0
Feb  3 12:58:22 jon-VirtualBox kernel: [    5.117153] usb 1-1: Product: USB Tablet
Feb  3 12:58:22 jon-VirtualBox kernel: [    5.117155] usb 1-1: Manufacturer: VirtualBox
Feb  3 12:58:22 jon-VirtualBox kernel: [    5.166569] ACPI: Video Device [GFX0] (multi-head: yes  rom: no  post: no)
Feb  3 12:58:22 jon-VirtualBox kernel: [    5.166637] input: Video Bus as /devices/LNXSYSTM:00/LNXSYBUS:00/PNP0A03:00/LNXVIDEO:00/input/input4
Feb  3 12:58:22 jon-VirtualBox kernel: [    5.271864] e1000: Intel(R) PRO/1000 Network Driver - version 7.3.21-k8-NAPI
Feb  3 12:58:22 jon-VirtualBox kernel: [    5.271867] e1000: Copyright (c) 1999-2006 Intel Corporation.
Feb  3 12:58:22 jon-VirtualBox kernel: [    5.334533] ACPI: PCI Interrupt Link [LNKC] enabled at IRQ 10
Feb  3 12:58:22 jon-VirtualBox kernel: [    5.334536] PCI: setting IRQ 10 as level-triggered
Feb  3 12:58:22 jon-VirtualBox kernel: [    5.502449] hidraw: raw HID events driver (C) Jiri Kosina
Feb  3 12:58:22 jon-VirtualBox kernel: [    5.622853] usbcore: registered new interface driver usbhid
Feb  3 12:58:22 jon-VirtualBox kernel: [    5.622856] usbhid: USB HID core driver
Feb  3 12:58:22 jon-VirtualBox kernel: [    5.711646] input: VirtualBox USB Tablet as /devices/pci0000:00/0000:00:06.0/usb1/1-1/1-1:1.0/0003:80EE:0021.0001/input/input6
Feb  3 12:58:22 jon-VirtualBox kernel: [    5.712162] hid-generic 0003:80EE:0021.0001: input,hidraw0: USB HID v1.10 Mouse [VirtualBox USB Tablet] on usb-0000:00:06.0-1/input0
Feb  3 12:58:22 jon-VirtualBox kernel: [    5.829248] input: ImExPS/2 Generic Explorer Mouse as /devices/platform/i8042/serio1/input/input5
Feb  3 12:58:22 jon-VirtualBox kernel: [    8.178674] e1000 0000:00:03.0 eth0: (PCI:33MHz:32-bit) 08:00:27:b5:88:e8
Feb  3 12:58:22 jon-VirtualBox kernel: [    8.178681] e1000 0000:00:03.0 eth0: Intel(R) PRO/1000 Network Connection
Feb  3 12:58:22 jon-VirtualBox kernel: [    8.178705] ahci 0000:00:0d.0: version 3.0
Feb  3 12:58:22 jon-VirtualBox kernel: [    8.192359] e1000 0000:00:03.0 enp0s3: renamed from eth0
Feb  3 12:58:22 jon-VirtualBox kernel: [    8.194166] ACPI: PCI Interrupt Link [LNKA] enabled at IRQ 11
Feb  3 12:58:22 jon-VirtualBox kernel: [    8.195690] ahci 0000:00:0d.0: SSS flag set, parallel bus scan disabled
Feb  3 12:58:22 jon-VirtualBox kernel: [    8.198751] ahci 0000:00:0d.0: AHCI 0001.0100 32 slots 1 ports 3 Gbps 0x1 impl SATA mode
Feb  3 12:58:22 jon-VirtualBox kernel: [    8.198756] ahci 0000:00:0d.0: flags: 64bit ncq stag only ccc 
Feb  3 12:58:22 jon-VirtualBox kernel: [    8.208925] scsi host2: ahci
Feb  3 12:58:22 jon-VirtualBox kernel: [    8.209301] ata3: SATA max UDMA/133 abar m8192@0xf0806000 port 0xf0806100 irq 11
Feb  3 12:58:22 jon-VirtualBox kernel: [    8.529669] ata3: SATA link up 3.0 Gbps (SStatus 123 SControl 300)
Feb  3 12:58:22 jon-VirtualBox kernel: [    8.531144] ata3.00: ATA-6: VBOX HARDDISK, 1.0, max UDMA/133
Feb  3 12:58:22 jon-VirtualBox kernel: [    8.531147] ata3.00: 52428800 sectors, multi 128: LBA48 NCQ (depth 31/32)
Feb  3 12:58:22 jon-VirtualBox kernel: [    8.533830] ata3.00: configured for UDMA/133
Feb  3 12:58:22 jon-VirtualBox kernel: [    8.534094] scsi 2:0:0:0: Direct-Access     ATA      VBOX HARDDISK    1.0  PQ: 0 ANSI: 5
Feb  3 12:58:22 jon-VirtualBox kernel: [    8.534759] sd 2:0:0:0: [sda] 52428800 512-byte logical blocks: (26.8 GB/25.0 GiB)
Feb  3 12:58:22 jon-VirtualBox kernel: [    8.534799] sd 2:0:0:0: [sda] Write Protect is off
Feb  3 12:58:22 jon-VirtualBox kernel: [    8.534802] sd 2:0:0:0: [sda] Mode Sense: 00 3a 00 00
Feb  3 12:58:22 jon-VirtualBox kernel: [    8.534820] sd 2:0:0:0: [sda] Write cache: enabled, read cache: enabled, doesn't support DPO or FUA
Feb  3 12:58:22 jon-VirtualBox kernel: [    8.535151] sd 2:0:0:0: Attached scsi generic sg1 type 0
Feb  3 12:58:22 jon-VirtualBox kernel: [    8.544484]  sda: sda1 sda2 < sda5 >
Feb  3 12:58:22 jon-VirtualBox kernel: [    8.545299] sd 2:0:0:0: [sda] Attached SCSI disk
Feb  3 12:58:22 jon-VirtualBox kernel: [    8.836915] EXT4-fs (sda1): mounted filesystem with ordered data mode. Opts: (null)
Feb  3 12:58:22 jon-VirtualBox kernel: [   10.763160] EXT4-fs (sda1): re-mounted. Opts: errors=remount-ro
Feb  3 12:58:22 jon-VirtualBox kernel: [   10.833804] random: nonblocking pool is initialized
Feb  3 12:58:22 jon-VirtualBox kernel: [   10.995221] lp: driver loaded but no devices found
Feb  3 12:58:22 jon-VirtualBox kernel: [   11.026832] ppdev: user-space parallel port driver
Feb  3 12:58:22 jon-VirtualBox kernel: [   14.211928] audit: type=1400 audit(1549216695.296:2): apparmor="STATUS" operation="profile_load" profile="unconfined" name="/usr/lib/lightdm/lightdm-guest-session" pid=379 comm="apparmor_parser"
Feb  3 12:58:22 jon-VirtualBox kernel: [   14.211933] audit: type=1400 audit(1549216695.296:3): apparmor="STATUS" operation="profile_load" profile="unconfined" name="/usr/lib/lightdm/lightdm-guest-session//chromium" pid=379 comm="apparmor_parser"
Feb  3 12:58:22 jon-VirtualBox kernel: [   14.293019] audit: type=1400 audit(1549216695.384:4): apparmor="STATUS" operation="profile_load" profile="unconfined" name="/sbin/dhclient" pid=386 comm="apparmor_parser"
Feb  3 12:58:22 jon-VirtualBox kernel: [   14.293024] audit: type=1400 audit(1549216695.384:5): apparmor="STATUS" operation="profile_load" profile="unconfined" name="/usr/lib/NetworkManager/nm-dhcp-client.action" pid=386 comm="apparmor_parser"
Feb  3 12:58:22 jon-VirtualBox kernel: [   14.293028] audit: type=1400 audit(1549216695.384:6): apparmor="STATUS" operation="profile_load" profile="unconfined" name="/usr/lib/NetworkManager/nm-dhcp-helper" pid=386 comm="apparmor_parser"
Feb  3 12:58:22 jon-VirtualBox kernel: [   14.293032] audit: type=1400 audit(1549216695.384:7): apparmor="STATUS" operation="profile_load" profile="unconfined" name="/usr/lib/connman/scripts/dhclient-script" pid=386 comm="apparmor_parser"
Feb  3 12:58:22 jon-VirtualBox kernel: [   14.442869] audit: type=1400 audit(1549216695.528:8): apparmor="STATUS" operation="profile_load" profile="unconfined" name="/usr/bin/evince" pid=391 comm="apparmor_parser"
Feb  3 12:58:22 jon-VirtualBox kernel: [   14.442875] audit: type=1400 audit(1549216695.528:9): apparmor="STATUS" operation="profile_load" profile="unconfined" name="/usr/bin/evince//sanitized_helper" pid=391 comm="apparmor_parser"
Feb  3 12:58:22 jon-VirtualBox kernel: [   14.442879] audit: type=1400 audit(1549216695.528:10): apparmor="STATUS" operation="profile_load" profile="unconfined" name="/usr/bin/evince-previewer" pid=391 comm="apparmor_parser"
Feb  3 12:58:22 jon-VirtualBox kernel: [   14.442884] audit: type=1400 audit(1549216695.528:11): apparmor="STATUS" operation="profile_load" profile="unconfined" name="/usr/bin/evince-previewer//sanitized_helper" pid=391 comm="apparmor_parser"
Feb  3 12:58:22 jon-VirtualBox kernel: [   15.758122] ACPI: PCI Interrupt Link [LNKD] enabled at IRQ 9
Feb  3 12:58:22 jon-VirtualBox kernel: [   15.758123] PCI: setting IRQ 9 as level-triggered
Feb  3 12:58:22 jon-VirtualBox kernel: [   15.781748] piix4_smbus 0000:00:07.0: SMBus Host Controller at 0x4100, revision 0
Feb  3 12:58:22 jon-VirtualBox kernel: [   15.877823] vgdrvHeartbeatInit: Setting up heartbeat to trigger every 2000 milliseconds
Feb  3 12:58:22 jon-VirtualBox kernel: [   15.878247] input: Unspecified device as /devices/pci0000:00/0000:00:04.0/input/input7
Feb  3 12:58:22 jon-VirtualBox kernel: [   15.923308] vboxguest: misc device minor 55, IRQ 9, I/O port d020, MMIO at 00000000f0400000 (size 0x400000)
Feb  3 12:58:22 jon-VirtualBox kernel: [   15.924874] vboxguest: Successfully loaded version 5.0.18_Ubuntu (interface 0x00010004)
Feb  3 12:58:22 jon-VirtualBox kernel: [   17.712716] [drm] Initialized drm 1.1.0 20060810
Feb  3 12:58:22 jon-VirtualBox kernel: [   19.060618] [drm] VRAM 01000000
Feb  3 12:58:22 jon-VirtualBox kernel: [   19.092183] [TTM] Zone  kernel: Available graphics memory: 429036 kiB
Feb  3 12:58:22 jon-VirtualBox kernel: [   19.092184] [TTM] Zone highmem: Available graphics memory: 2069456 kiB
Feb  3 12:58:22 jon-VirtualBox kernel: [   19.092185] [TTM] Initializing pool allocator
Feb  3 12:58:22 jon-VirtualBox kernel: [   19.092189] [TTM] Initializing DMA pool allocator
Feb  3 12:58:22 jon-VirtualBox kernel: [   19.298698] intel_rapl: no valid rapl domains found in package 0
Feb  3 12:58:22 jon-VirtualBox kernel: [   21.108346] Adding 4192252k swap on /dev/sda5.  Priority:-1 extents:1 across:4192252k FS
Feb  3 12:58:22 jon-VirtualBox kernel: [   21.128874] fbcon: vboxdrmfb (fb0) is primary device
Feb  3 12:58:22 jon-VirtualBox systemd[1]: Reached target Swap.
Feb  3 12:58:22 jon-VirtualBox systemd[1]: Reached target System Initialization.
Feb  3 12:58:22 jon-VirtualBox systemd[1]: Listening on UUID daemon activation socket.
Feb  3 12:58:22 jon-VirtualBox systemd[1]: Started Daily Cleanup of Temporary Directories.
Feb  3 12:58:22 jon-VirtualBox systemd[1]: Listening on ACPID Listen Socket.
Feb  3 12:58:22 jon-VirtualBox systemd[1]: Listening on Avahi mDNS/DNS-SD Stack Activation Socket.
Feb  3 12:58:22 jon-VirtualBox systemd[1]: Started ACPI Events Check.
Feb  3 12:58:22 jon-VirtualBox systemd[1]: Started Daily apt download activities.
Feb  3 12:58:22 jon-VirtualBox systemd[1]: Listening on CUPS Scheduler.
Feb  3 12:58:22 jon-VirtualBox systemd[1]: Starting Socket activation for snappy daemon.
Feb  3 12:58:22 jon-VirtualBox systemd[1]: Started Daily apt upgrade and clean activities.
Feb  3 12:58:22 jon-VirtualBox systemd[1]: Reached target Timers.
Feb  3 12:58:22 jon-VirtualBox systemd[1]: Started CUPS Scheduler.
Feb  3 12:58:22 jon-VirtualBox systemd[1]: Reached target Paths.
Feb  3 12:58:22 jon-VirtualBox systemd[1]: Listening on D-Bus System Message Bus Socket.
Feb  3 12:58:22 jon-VirtualBox systemd[1]: Listening on Socket activation for snappy daemon.
Feb  3 12:58:22 jon-VirtualBox systemd[1]: Reached target Sockets.
Feb  3 12:58:22 jon-VirtualBox systemd[1]: Reached target Basic System.
Feb  3 12:58:22 jon-VirtualBox systemd[1]: Started CUPS Scheduler.
Feb  3 12:58:22 jon-VirtualBox systemd[1]: Starting Restore /etc/resolv.conf if the system crashed before the ppp link was shut down...
Feb  3 12:58:22 jon-VirtualBox systemd[1]: Starting LSB: Set the CPU Frequency Scaling governor to "ondemand"...
Feb  3 12:58:22 jon-VirtualBox systemd[1]: Starting System Logging Service...
Feb  3 12:58:22 jon-VirtualBox systemd[1]: Starting LSB: daemon to balance interrupts for SMP systems...
Feb  3 12:58:22 jon-VirtualBox systemd[1]: Starting Accounts Service...
Feb  3 12:58:22 jon-VirtualBox systemd[1]: Starting Permit User Sessions...
Feb  3 12:58:22 jon-VirtualBox systemd[1]: Starting Thermal Daemon Service...
Feb  3 12:58:22 jon-VirtualBox systemd[1]: Starting Modem Manager...
Feb  3 12:58:22 jon-VirtualBox systemd[1]: Starting Detect the available GPUs and deal with any system changes...
Feb  3 12:58:22 jon-VirtualBox systemd[1]: Starting Avahi mDNS/DNS-SD Stack...
Feb  3 12:58:22 jon-VirtualBox systemd[1]: Started D-Bus System Message Bus.
Feb  3 12:58:22 jon-VirtualBox gpu-manager[646]: /etc/modprobe.d is not a file
Feb  3 12:58:23 jon-VirtualBox avahi-daemon[648]: Found user 'avahi' (UID 111) and group 'avahi' (GID 120).
Feb  3 12:58:23 jon-VirtualBox avahi-daemon[648]: Successfully dropped root privileges.
Feb  3 12:58:23 jon-VirtualBox avahi-daemon[648]: avahi-daemon 0.6.32-rc starting up.
Feb  3 12:58:23 jon-VirtualBox gpu-manager[646]: /etc/modprobe.d is not a file
Feb  3 12:58:23 jon-VirtualBox ModemManager[645]: <info>  ModemManager (version 1.6.4) starting in system bus...
Feb  3 12:58:23 jon-VirtualBox gpu-manager[646]: /etc/modprobe.d is not a file
Feb  3 12:58:23 jon-VirtualBox gpu-manager[646]: message repeated 2 times: [ /etc/modprobe.d is not a file]
Feb  3 12:58:23 jon-VirtualBox gpu-manager[646]: Error: can't open /lib/modules/4.4.162jchang/updates/dkms
Feb  3 12:58:23 jon-VirtualBox gpu-manager[646]: Error: can't open /lib/modules/4.4.162jchang/updates/dkms
Feb  3 12:58:23 jon-VirtualBox dbus[649]: [system] AppArmor D-Bus mediation is enabled
Feb  3 12:58:23 jon-VirtualBox thermald[643]: NO RAPL sysfs present
Feb  3 12:58:23 jon-VirtualBox thermald[643]: 22 CPUID levels; family:model:stepping 0x6:5e:3 (6:94:3)
Feb  3 12:58:23 jon-VirtualBox thermald[643]: Polling mode is enabled: 4
Feb  3 12:58:23 jon-VirtualBox thermald[643]: Thermal DTS: No coretemp sysfs found
Feb  3 12:58:23 jon-VirtualBox avahi-daemon[648]: Successfully called chroot().
Feb  3 12:58:23 jon-VirtualBox avahi-daemon[648]: Successfully dropped remaining capabilities.
Feb  3 12:58:23 jon-VirtualBox avahi-daemon[648]: No service file found in /etc/avahi/services.
Feb  3 12:58:23 jon-VirtualBox avahi-daemon[648]: Network interface enumeration completed.
Feb  3 12:58:23 jon-VirtualBox avahi-daemon[648]: Server startup complete. Host name is jon-VirtualBox.local. Local service cookie is 2638289553.
Feb  3 12:58:23 jon-VirtualBox dbus[649]: [system] Activating systemd to hand-off: service name='org.freedesktop.PolicyKit1' unit='polkitd.service'
Feb  3 12:58:23 jon-VirtualBox thermald[643]: Thermal DTS or hwmon: No Zones present Need to configure manually
Feb  3 12:58:23 jon-VirtualBox thermald[643]: No thermal sensors found
Feb  3 12:58:23 jon-VirtualBox thermald[643]: THD engine start failed
Feb  3 12:58:23 jon-VirtualBox dbus[649]: [system] Successfully activated service 'org.freedesktop.systemd1'
Feb  3 12:58:23 jon-VirtualBox systemd[1]: Started Avahi mDNS/DNS-SD Stack.
Feb  3 12:58:23 jon-VirtualBox systemd[1]: Started Make remote CUPS printers available locally.
Feb  3 12:58:23 jon-VirtualBox systemd[1]: Starting Network Manager...
Feb  3 12:58:23 jon-VirtualBox systemd[1]: Starting LSB: Speech Dispatcher...
Feb  3 12:58:23 jon-VirtualBox systemd[1]: Starting Login Service...
Feb  3 12:58:23 jon-VirtualBox kernel: [   22.468218] Console: switching to colour frame buffer device 100x37
Feb  3 12:58:23 jon-VirtualBox kernel: [   22.469935] vboxvideo 0000:00:02.0: fb0: vboxdrmfb frame buffer device
Feb  3 12:58:23 jon-VirtualBox systemd[1]: Starting LSB: Record successful boot for GRUB...
Feb  3 12:58:23 jon-VirtualBox systemd[1]: Starting LSB: automatic crash report generation...
Feb  3 12:58:23 jon-VirtualBox systemd[1]: Starting Snappy daemon...
Feb  3 12:58:23 jon-VirtualBox systemd[1]: Started Regular background program processing daemon.
Feb  3 12:58:23 jon-VirtualBox cron[692]: (CRON) INFO (pidfile fd = 3)
Feb  3 12:58:23 jon-VirtualBox cron[692]: (CRON) INFO (Running @reboot jobs)
Feb  3 12:58:23 jon-VirtualBox systemd[1]: Started Run anacron jobs.
Feb  3 12:58:23 jon-VirtualBox anacron[705]: Anacron 2.3 started on 2019-02-03
Feb  3 12:58:23 jon-VirtualBox systemd[1]: Started ACPI event daemon.
Feb  3 12:58:24 jon-VirtualBox systemd[1]: Started System Logging Service.
Feb  3 12:58:24 jon-VirtualBox anacron[705]: Normal exit (0 jobs run)
Feb  3 12:58:24 jon-VirtualBox acpid: starting up with netlink and the input layer
Feb  3 12:58:24 jon-VirtualBox acpid: 9 rules loaded
Feb  3 12:58:24 jon-VirtualBox acpid: waiting for events: event logging is off
Feb  3 12:58:24 jon-VirtualBox systemd[1]: Started Restore /etc/resolv.conf if the system crashed before the ppp link was shut down.
Feb  3 12:58:24 jon-VirtualBox systemd[1]: Started Permit User Sessions.
Feb  3 12:58:24 jon-VirtualBox systemd[1]: Started Thermal Daemon Service.
Feb  3 12:58:24 jon-VirtualBox NetworkManager[677]: <info>  [1549216704.1820] NetworkManager (version 1.2.6) is starting...
Feb  3 12:58:24 jon-VirtualBox NetworkManager[677]: <info>  [1549216704.1926] Read config: /etc/NetworkManager/NetworkManager.conf (etc: default-wifi-powersave-on.conf)
Feb  3 12:58:24 jon-VirtualBox NetworkManager[677]: <info>  [1549216704.3228] manager[0x9a451d0]: monitoring kernel firmware directory '/lib/firmware'.
Feb  3 12:58:24 jon-VirtualBox NetworkManager[677]: <info>  [1549216704.3283] monitoring ifupdown state file '/run/network/ifstate'.
Feb  3 12:58:24 jon-VirtualBox kernel: [   22.570400] [drm] Initialized vboxvideo 1.0.0 20130823 for 0000:00:02.0 on minor 0
Feb  3 12:58:24 jon-VirtualBox kernel: [   22.960460] snd_intel8x0 0000:00:05.0: disable (unknown or VT-d) VM optimization
Feb  3 12:58:24 jon-VirtualBox NetworkManager[677]: <info>  [1549216704.3861] dns-mgr[0x9a370b0]: init: dns=dnsmasq, rc-manager=resolvconf, plugin=dnsmasq
Feb  3 12:58:24 jon-VirtualBox snapd[690]: AppArmor status: apparmor is enabled and all features are available
Feb  3 12:58:24 jon-VirtualBox gpu-manager[646]: update-alternatives: error: no alternatives for i386-linux-gnu_gfxcore_conf
Feb  3 12:58:24 jon-VirtualBox dbus[649]: [system] Activating via systemd: service name='org.freedesktop.nm_dispatcher' unit='dbus-org.freedesktop.nm-dispatcher.service'
Feb  3 12:58:24 jon-VirtualBox systemd[1]: Started Detect the available GPUs and deal with any system changes.
Feb  3 12:58:24 jon-VirtualBox systemd[1]: Started LSB: Set the CPU Frequency Scaling governor to "ondemand".
Feb  3 12:58:25 jon-VirtualBox systemd[1]: Started Set console font and keymap.
Feb  3 12:58:25 jon-VirtualBox systemd[1]: Started Network Manager.
Feb  3 12:58:25 jon-VirtualBox systemd[1]: Started Login Service.
Feb  3 12:58:25 jon-VirtualBox systemd[1]: Starting Network Manager Script Dispatcher Service...
Feb  3 12:58:25 jon-VirtualBox systemd[1]: Starting Network Manager Wait Online...
Feb  3 12:58:25 jon-VirtualBox systemd[1]: Reached target Network.
Feb  3 12:58:25 jon-VirtualBox systemd[1]: Started Unattended Upgrades Shutdown.
Feb  3 12:58:25 jon-VirtualBox systemd[1]: Starting Authenticate and Authorize Users to Run Privileged Tasks...
Feb  3 12:58:25 jon-VirtualBox systemd[1]: Created slice system-getty.slice.
Feb  3 12:58:25 jon-VirtualBox systemd[1]: Starting Light Display Manager...
Feb  3 12:58:26 jon-VirtualBox dbus[649]: [system] Successfully activated service 'org.freedesktop.nm_dispatcher'
Feb  3 12:58:26 jon-VirtualBox NetworkManager[677]: <info>  [1549216706.0302] init!
Feb  3 12:58:26 jon-VirtualBox NetworkManager[677]: <info>  [1549216706.0390] management mode: unmanaged
Feb  3 12:58:26 jon-VirtualBox NetworkManager[677]: <info>  [1549216706.0693] devices added (path: /sys/devices/pci0000:00/0000:00:03.0/net/enp0s3, iface: enp0s3)
Feb  3 12:58:26 jon-VirtualBox NetworkManager[677]: <info>  [1549216706.0717] device added (path: /sys/devices/pci0000:00/0000:00:03.0/net/enp0s3, iface: enp0s3): no ifupdown configuration found.
Feb  3 12:58:26 jon-VirtualBox NetworkManager[677]: <info>  [1549216706.0718] devices added (path: /sys/devices/virtual/net/lo, iface: lo)
Feb  3 12:58:26 jon-VirtualBox NetworkManager[677]: <info>  [1549216706.0718] device added (path: /sys/devices/virtual/net/lo, iface: lo): no ifupdown configuration found.
Feb  3 12:58:26 jon-VirtualBox NetworkManager[677]: <info>  [1549216706.0718] end _init.
Feb  3 12:58:26 jon-VirtualBox NetworkManager[677]: <info>  [1549216706.0719] settings: loaded plugin ifupdown: (C) 2008 Canonical Ltd.  To report bugs please use the NetworkManager mailing list. (/usr/lib/i386-linux-gnu/NetworkManager/libnm-settings-plugin-ifupdown.so)
Feb  3 12:58:26 jon-VirtualBox NetworkManager[677]: <info>  [1549216706.0721] settings: loaded plugin keyfile: (c) 2007 - 2015 Red Hat, Inc.  To report bugs please use the NetworkManager mailing list.
Feb  3 12:58:26 jon-VirtualBox dbus[649]: [system] Activating via systemd: service name='org.freedesktop.hostname1' unit='dbus-org.freedesktop.hostname1.service'
Feb  3 12:58:26 jon-VirtualBox NetworkManager[677]: <info>  [1549216706.0828] SettingsPlugin-Ofono: init!
Feb  3 12:58:26 jon-VirtualBox NetworkManager[677]: <warn>  [1549216706.0829] SettingsPlugin-Ofono: file doesn't exist: /var/lib/ofono
Feb  3 12:58:26 jon-VirtualBox NetworkManager[677]: <info>  [1549216706.0829] SettingsPlugin-Ofono: end _init.
Feb  3 12:58:26 jon-VirtualBox NetworkManager[677]: <info>  [1549216706.0831] settings: loaded plugin ofono: (C) 2013-2016 Canonical Ltd.  To report bugs please use the NetworkManager mailing list. (/usr/lib/i386-linux-gnu/NetworkManager/libnm-settings-plugin-ofono.so)
Feb  3 12:58:26 jon-VirtualBox NetworkManager[677]: <info>  [1549216706.0831] (161861936) ... get_connections.
Feb  3 12:58:26 jon-VirtualBox NetworkManager[677]: <info>  [1549216706.0831] (161861936) ... get_connections (managed=false): return empty list.
Feb  3 12:58:26 jon-VirtualBox polkitd[809]: started daemon version 0.105 using authority implementation `local' version `0.105'
Feb  3 12:58:26 jon-VirtualBox NetworkManager[677]: <info>  [1549216706.0893] SettingsPlugin-Ofono: (161862056) ... get_connections.
Feb  3 12:58:26 jon-VirtualBox NetworkManager[677]: <info>  [1549216706.0894] SettingsPlugin-Ofono: (161862056) connections count: 0
Feb  3 12:58:26 jon-VirtualBox dbus[649]: [system] Successfully activated service 'org.freedesktop.PolicyKit1'
Feb  3 12:58:26 jon-VirtualBox NetworkManager[677]: <info>  [1549216706.0894] get unmanaged devices count: 0
Feb  3 12:58:26 jon-VirtualBox accounts-daemon[635]: started daemon version 0.6.40
Feb  3 12:58:26 jon-VirtualBox systemd[1]: Started Network Manager Script Dispatcher Service.
Feb  3 12:58:26 jon-VirtualBox systemd[1]: Started Authenticate and Authorize Users to Run Privileged Tasks.
Feb  3 12:58:26 jon-VirtualBox systemd[1]: Started Accounts Service.
Feb  3 12:58:26 jon-VirtualBox systemd[1]: Started Modem Manager.
Feb  3 12:58:26 jon-VirtualBox systemd[1]: Starting Hostname Service...
Feb  3 12:58:26 jon-VirtualBox kernel: [   25.645793] snd_intel8x0 0000:00:05.0: white list rate for 1028:0177 is 48000
Feb  3 12:58:26 jon-VirtualBox systemd[1]: Reached target Sound Card.
Feb  3 12:58:27 jon-VirtualBox dbus[649]: [system] Successfully activated service 'org.freedesktop.hostname1'
Feb  3 12:58:27 jon-VirtualBox systemd[1]: Started Hostname Service.
Feb  3 12:58:27 jon-VirtualBox NetworkManager[677]: <info>  [1549216707.0266] settings: hostname: using hostnamed
Feb  3 12:58:27 jon-VirtualBox NetworkManager[677]: <info>  [1549216707.0273] settings: hostname changed from (none) to "jon-VirtualBox"
Feb  3 12:58:27 jon-VirtualBox NetworkManager[677]: <info>  [1549216707.0286] Using DHCP client 'dhclient'
Feb  3 12:58:27 jon-VirtualBox NetworkManager[677]: <info>  [1549216707.0318] manager: WiFi enabled by radio killswitch; enabled by state file
Feb  3 12:58:27 jon-VirtualBox nm-dispatcher: req:1 'hostname': new request (1 scripts)
Feb  3 12:58:27 jon-VirtualBox nm-dispatcher: req:1 'hostname': start running ordered scripts...
Feb  3 12:58:27 jon-VirtualBox NetworkManager[677]: <info>  [1549216707.0522] manager: WWAN enabled by radio killswitch; enabled by state file
Feb  3 12:58:27 jon-VirtualBox NetworkManager[677]: <info>  [1549216707.0522] manager: Networking is enabled by state file
Feb  3 12:58:27 jon-VirtualBox NetworkManager[677]: <info>  [1549216707.0757] Loaded device plugin: NMVxlanFactory (internal)
Feb  3 12:58:27 jon-VirtualBox NetworkManager[677]: <info>  [1549216707.0760] Loaded device plugin: NMVlanFactory (internal)
Feb  3 12:58:27 jon-VirtualBox NetworkManager[677]: <info>  [1549216707.0764] Loaded device plugin: NMVethFactory (internal)
Feb  3 12:58:27 jon-VirtualBox irqbalance[631]:  * Starting SMP IRQ Balancer: irqbalance
Feb  3 12:58:27 jon-VirtualBox NetworkManager[677]: <info>  [1549216707.0765] Loaded device plugin: NMTunFactory (internal)
Feb  3 12:58:27 jon-VirtualBox NetworkManager[677]: <info>  [1549216707.0765] Loaded device plugin: NMMacvlanFactory (internal)
Feb  3 12:58:27 jon-VirtualBox NetworkManager[677]: <info>  [1549216707.0859] Loaded device plugin: NMIPTunnelFactory (internal)
Feb  3 12:58:27 jon-VirtualBox NetworkManager[677]: <info>  [1549216707.0876] Loaded device plugin: NMInfinibandFactory (internal)
Feb  3 12:58:27 jon-VirtualBox NetworkManager[677]: <info>  [1549216707.0878] Loaded device plugin: NMEthernetFactory (internal)
Feb  3 12:58:27 jon-VirtualBox NetworkManager[677]: <info>  [1549216707.0879] Loaded device plugin: NMBridgeFactory (internal)
Feb  3 12:58:27 jon-VirtualBox NetworkManager[677]: <info>  [1549216707.0879] Loaded device plugin: NMBondFactory (internal)
Feb  3 12:58:27 jon-VirtualBox /usr/sbin/irqbalance: Balancing is ineffective on systems with a single cpu.  Shutting down
Feb  3 12:58:27 jon-VirtualBox NetworkManager[677]: <info>  [1549216707.1712] Loaded device plugin: NMBluezManager (/usr/lib/i386-linux-gnu/NetworkManager/libnm-device-plugin-bluetooth.so)
Feb  3 12:58:27 jon-VirtualBox NetworkManager[677]: <info>  [1549216707.1866] Loaded device plugin: NMWifiFactory (/usr/lib/i386-linux-gnu/NetworkManager/libnm-device-plugin-wifi.so)
Feb  3 12:58:27 jon-VirtualBox irqbalance[631]:    ...done.
Feb  3 12:58:27 jon-VirtualBox systemd[1]: Started LSB: daemon to balance interrupts for SMP systems.
Feb  3 12:58:27 jon-VirtualBox NetworkManager[677]: <info>  [1549216707.2016] Loaded device plugin: NMWwanFactory (/usr/lib/i386-linux-gnu/NetworkManager/libnm-device-plugin-wwan.so)
Feb  3 12:58:27 jon-VirtualBox NetworkManager[677]: <info>  [1549216707.2579] Loaded device plugin: NMAtmManager (/usr/lib/i386-linux-gnu/NetworkManager/libnm-device-plugin-adsl.so)
Feb  3 12:58:27 jon-VirtualBox NetworkManager[677]: nm_device_get_device_type: assertion 'NM_IS_DEVICE (self)' failed
Feb  3 12:58:27 jon-VirtualBox NetworkManager[677]: <info>  [1549216707.2968] device (lo): link connected
Feb  3 12:58:27 jon-VirtualBox NetworkManager[677]: <info>  [1549216707.3120] manager: (lo): new Generic device (/org/freedesktop/NetworkManager/Devices/0)
Feb  3 12:58:27 jon-VirtualBox NetworkManager[677]: <info>  [1549216707.3831] manager: (enp0s3): new Ethernet device (/org/freedesktop/NetworkManager/Devices/1)
Feb  3 12:58:27 jon-VirtualBox NetworkManager[677]: <info>  [1549216707.4128] keyfile: add connection in-memory (2ca4935e-4c9f-3fac-94e0-1fde9ea81521,"Wired connection 1")
Feb  3 12:58:27 jon-VirtualBox speech-dispatcher[678]:  * speech-dispatcher disabled; edit /etc/default/speech-dispatcher
Feb  3 12:58:27 jon-VirtualBox systemd[1]: Started LSB: Speech Dispatcher.
Feb  3 12:58:27 jon-VirtualBox NetworkManager[677]: <info>  [1549216707.5247] settings: (enp0s3): created default wired connection 'Wired connection 1'
Feb  3 12:58:27 jon-VirtualBox NetworkManager[677]: <info>  [1549216707.5698] device (enp0s3): state change: unmanaged -> unavailable (reason 'managed') [10 20 2]
Feb  3 12:58:27 jon-VirtualBox kernel: [   26.478602] IPv6: ADDRCONF(NETDEV_UP): enp0s3: link is not ready
Feb  3 12:58:27 jon-VirtualBox apport[686]:  * Starting automatic crash report generation: apport
Feb  3 12:58:27 jon-VirtualBox apport[686]:    ...done.
Feb  3 12:58:27 jon-VirtualBox systemd[1]: Started LSB: automatic crash report generation.
Feb  3 12:58:27 jon-VirtualBox kernel: [   26.619522] e1000: enp0s3 NIC Link is Up 1000 Mbps Full Duplex, Flow Control: RX
Feb  3 12:58:27 jon-VirtualBox systemd[1]: Started LSB: Record successful boot for GRUB.
Feb  3 12:58:27 jon-VirtualBox NetworkManager[677]: <info>  [1549216707.9185] device (enp0s3): link connected
Feb  3 12:58:28 jon-VirtualBox NetworkManager[677]: <info>  [1549216708.0541] urfkill disappeared from the bus
Feb  3 12:58:28 jon-VirtualBox NetworkManager[677]: <info>  [1549216708.1352] ModemManager available in the bus
Feb  3 12:58:28 jon-VirtualBox NetworkManager[677]: <info>  [1549216708.1397] ofono is now available
Feb  3 12:58:28 jon-VirtualBox NetworkManager[677]: <warn>  [1549216708.1573] failed to enumerate oFono devices: GDBus.Error:org.freedesktop.DBus.Error.ServiceUnknown: The name org.ofono was not provided by any .service files
Feb  3 12:58:28 jon-VirtualBox NetworkManager[677]: <info>  [1549216708.1670] device (enp0s3): state change: unavailable -> disconnected (reason 'none') [20 30 0]
Feb  3 12:58:28 jon-VirtualBox NetworkManager[677]: <info>  [1549216708.3011] policy: auto-activating connection 'Wired connection 1'
Feb  3 12:58:28 jon-VirtualBox NetworkManager[677]: <info>  [1549216708.3443] device (enp0s3): Activation: starting connection 'Wired connection 1' (2ca4935e-4c9f-3fac-94e0-1fde9ea81521)
Feb  3 12:58:28 jon-VirtualBox NetworkManager[677]: <info>  [1549216708.3536] device (enp0s3): state change: disconnected -> prepare (reason 'none') [30 40 0]
Feb  3 12:58:28 jon-VirtualBox NetworkManager[677]: <info>  [1549216708.3586] manager: NetworkManager state is now CONNECTING
Feb  3 12:58:28 jon-VirtualBox NetworkManager[677]: <info>  [1549216708.4256] device (enp0s3): state change: prepare -> config (reason 'none') [40 50 0]
Feb  3 12:58:28 jon-VirtualBox NetworkManager[677]: <info>  [1549216708.4810] device (enp0s3): state change: config -> ip-config (reason 'none') [50 70 0]
Feb  3 12:58:28 jon-VirtualBox snapd[690]: AppArmor status: apparmor is enabled and all features are available
Feb  3 12:58:28 jon-VirtualBox NetworkManager[677]: <info>  [1549216708.4896] dhcp4 (enp0s3): activation: beginning transaction (timeout in 45 seconds)
Feb  3 12:58:28 jon-VirtualBox NetworkManager[677]: <info>  [1549216708.5201] dhcp4 (enp0s3): dhclient started with pid 855
Feb  3 12:58:28 jon-VirtualBox systemd[1]: Received SIGRTMIN+20 from PID 342 (plymouthd).
Feb  3 12:58:28 jon-VirtualBox dhclient[855]: DHCPREQUEST of 10.0.2.15 on enp0s3 to 255.255.255.255 port 67 (xid=0x2f777055)
Feb  3 12:58:28 jon-VirtualBox dhclient[855]: DHCPACK of 10.0.2.15 from 10.0.2.2
Feb  3 12:58:28 jon-VirtualBox NetworkManager[677]: <info>  [1549216708.7978]   address 10.0.2.15
Feb  3 12:58:28 jon-VirtualBox NetworkManager[677]: <info>  [1549216708.7986]   plen 24 (255.255.255.0)
Feb  3 12:58:28 jon-VirtualBox NetworkManager[677]: <info>  [1549216708.7992]   gateway 10.0.2.2
Feb  3 12:58:28 jon-VirtualBox NetworkManager[677]: <info>  [1549216708.7995]   server identifier 10.0.2.2
Feb  3 12:58:28 jon-VirtualBox NetworkManager[677]: <info>  [1549216708.8006]   lease time 86400
Feb  3 12:58:28 jon-VirtualBox NetworkManager[677]: <info>  [1549216708.8010]   nameserver '130.215.41.1'
Feb  3 12:58:28 jon-VirtualBox NetworkManager[677]: <info>  [1549216708.8014]   nameserver '130.215.41.2'
Feb  3 12:58:28 jon-VirtualBox NetworkManager[677]: <info>  [1549216708.8018]   nameserver '130.215.41.3'
Feb  3 12:58:28 jon-VirtualBox NetworkManager[677]: <info>  [1549216708.8021]   domain name 'dyn.wpi.edu'
Feb  3 12:58:28 jon-VirtualBox NetworkManager[677]: <info>  [1549216708.8025] dhcp4 (enp0s3): state changed unknown -> bound
Feb  3 12:58:28 jon-VirtualBox systemd[1]: Received SIGRTMIN+21 from PID 342 (plymouthd).
Feb  3 12:58:28 jon-VirtualBox dhclient[855]: bound to 10.0.2.15 -- renewal in 36921 seconds.
Feb  3 12:58:28 jon-VirtualBox avahi-daemon[648]: Joining mDNS multicast group on interface enp0s3.IPv4 with address 10.0.2.15.
Feb  3 12:58:28 jon-VirtualBox NetworkManager[677]: <info>  [1549216708.8582] device (enp0s3): state change: ip-config -> ip-check (reason 'none') [70 80 0]
Feb  3 12:58:28 jon-VirtualBox NetworkManager[677]: <info>  [1549216708.9281] device (enp0s3): state change: ip-check -> secondaries (reason 'none') [80 90 0]
Feb  3 12:58:28 jon-VirtualBox NetworkManager[677]: <info>  [1549216708.9414] device (enp0s3): state change: secondaries -> activated (reason 'none') [90 100 0]
Feb  3 12:58:28 jon-VirtualBox NetworkManager[677]: <info>  [1549216708.9453] manager: NetworkManager state is now CONNECTED_LOCAL
Feb  3 12:58:28 jon-VirtualBox NetworkManager[677]: <info>  [1549216708.9650] manager: NetworkManager state is now CONNECTED_GLOBAL
Feb  3 12:58:28 jon-VirtualBox NetworkManager[677]: <info>  [1549216708.9654] policy: set 'Wired connection 1' (enp0s3) as default for IPv4 routing and DNS
Feb  3 12:58:28 jon-VirtualBox avahi-daemon[648]: New relevant interface enp0s3.IPv4 for mDNS.
Feb  3 12:58:28 jon-VirtualBox avahi-daemon[648]: Registering new address record for 10.0.2.15 on enp0s3.IPv4.
Feb  3 12:58:28 jon-VirtualBox NetworkManager[677]: <info>  [1549216708.9749] dns-plugin[0x9a4d510]: starting dnsmasq...
Feb  3 12:58:28 jon-VirtualBox NetworkManager[677]: <info>  [1549216708.9870] dns-mgr: Writing DNS information to /sbin/resolvconf
Feb  3 12:58:29 jon-VirtualBox snapd[690]: daemon.go:379: started snapd/2.37.1 (series 16; classic) ubuntu/16.04 (i386) linux/4.4.162jchang.
Feb  3 12:58:29 jon-VirtualBox systemd[1]: Started Snappy daemon.
Feb  3 12:58:29 jon-VirtualBox systemd[1]: Starting Wait until snapd is fully seeded...
Feb  3 12:58:29 jon-VirtualBox dnsmasq[870]: started, version 2.75 cache disabled
Feb  3 12:58:29 jon-VirtualBox dnsmasq[870]: compile time options: IPv6 GNU-getopt DBus i18n IDN DHCP DHCPv6 no-Lua TFTP conntrack ipset auth DNSSEC loop-detect inotify
Feb  3 12:58:29 jon-VirtualBox dnsmasq[870]: DBus support enabled: connected to system bus
Feb  3 12:58:29 jon-VirtualBox dnsmasq[870]: warning: no upstream servers configured
Feb  3 12:58:29 jon-VirtualBox kernel: [   27.998791] blk_update_request: I/O error, dev loop4, sector 0
Feb  3 12:58:29 jon-VirtualBox kernel: [   27.998805] blk_update_request: I/O error, dev loop4, sector 0
Feb  3 12:58:29 jon-VirtualBox kernel: [   27.998808] Buffer I/O error on dev loop4, logical block 0, async page read
Feb  3 12:58:29 jon-VirtualBox kernel: [   27.999016] blk_update_request: I/O error, dev loop4, sector 0
Feb  3 12:58:29 jon-VirtualBox kernel: [   27.999018] Buffer I/O error on dev loop4, logical block 0, async page read
Feb  3 12:58:29 jon-VirtualBox kernel: [   27.999023] blk_update_request: I/O error, dev loop4, sector 0
Feb  3 12:58:29 jon-VirtualBox kernel: [   27.999024] Buffer I/O error on dev loop4, logical block 0, async page read
Feb  3 12:58:29 jon-VirtualBox kernel: [   27.999029] blk_update_request: I/O error, dev loop4, sector 0
Feb  3 12:58:29 jon-VirtualBox kernel: [   27.999030] Buffer I/O error on dev loop4, logical block 0, async page read
Feb  3 12:58:29 jon-VirtualBox kernel: [   27.999034] blk_update_request: I/O error, dev loop4, sector 0
Feb  3 12:58:29 jon-VirtualBox kernel: [   27.999035] Buffer I/O error on dev loop4, logical block 0, async page read
Feb  3 12:58:29 jon-VirtualBox kernel: [   27.999039] blk_update_request: I/O error, dev loop4, sector 0
Feb  3 12:58:29 jon-VirtualBox kernel: [   27.999040] Buffer I/O error on dev loop4, logical block 0, async page read
Feb  3 12:58:29 jon-VirtualBox kernel: [   27.999045] blk_update_request: I/O error, dev loop4, sector 0
Feb  3 12:58:29 jon-VirtualBox kernel: [   27.999046] Buffer I/O error on dev loop4, logical block 0, async page read
Feb  3 12:58:29 jon-VirtualBox kernel: [   27.999050] blk_update_request: I/O error, dev loop4, sector 0
Feb  3 12:58:29 jon-VirtualBox kernel: [   27.999051] Buffer I/O error on dev loop4, logical block 0, async page read
Feb  3 12:58:29 jon-VirtualBox kernel: [   27.999055] blk_update_request: I/O error, dev loop4, sector 0
Feb  3 12:58:29 jon-VirtualBox kernel: [   27.999056] Buffer I/O error on dev loop4, logical block 0, async page read
Feb  3 12:58:29 jon-VirtualBox kernel: [   27.999063] Buffer I/O error on dev loop4, logical block 0, async page read
Feb  3 12:58:29 jon-VirtualBox systemd[1]: Started Light Display Manager.
Feb  3 12:58:29 jon-VirtualBox ModemManager[645]: <info>  Couldn't check support for device at '/sys/devices/pci0000:00/0000:00:03.0': not supported by any plugin
Feb  3 12:58:29 jon-VirtualBox snapd[690]: autorefresh.go:376: Cannot prepare auto-refresh change: cannot refresh snap-declaration for "core": Get https://api.snapcraft.io/api/v1/snaps/assertions/snap-declaration/16/99T7MUlRhtI3U0QFgl5mXXESAiSwt776?max-format=3: dial tcp: lookup api.snapcraft.io on 127.0.1.1:53: server misbehaving
Feb  3 12:58:29 jon-VirtualBox snapd[690]: stateengine.go:102: state ensure error: cannot refresh snap-declaration for "core": Get https://api.snapcraft.io/api/v1/snaps/assertions/snap-declaration/16/99T7MUlRhtI3U0QFgl5mXXESAiSwt776?max-format=3: dial tcp: lookup api.snapcraft.io on 127.0.1.1:53: server misbehaving
Feb  3 12:58:29 jon-VirtualBox systemd[1]: Started Wait until snapd is fully seeded.
Feb  3 12:58:30 jon-VirtualBox NetworkManager[677]: <info>  [1549216710.2268] device (enp0s3): Activation: successful, device activated.
Feb  3 12:58:30 jon-VirtualBox nm-dispatcher: req:2 'up' [enp0s3]: new request (1 scripts)
Feb  3 12:58:30 jon-VirtualBox nm-dispatcher: req:2 'up' [enp0s3]: start running ordered scripts...
Feb  3 12:58:30 jon-VirtualBox NetworkManager[677]: <info>  [1549216710.2759] dnsmasq[0x9a4d510]: dnsmasq appeared as :1.16
Feb  3 12:58:30 jon-VirtualBox dnsmasq[870]: setting upstream servers from DBus
Feb  3 12:58:30 jon-VirtualBox dnsmasq[870]: using nameserver 130.215.41.1#53(via enp0s3)
Feb  3 12:58:30 jon-VirtualBox dnsmasq[870]: using nameserver 130.215.41.2#53(via enp0s3)
Feb  3 12:58:30 jon-VirtualBox dnsmasq[870]: using nameserver 130.215.41.3#53(via enp0s3)
Feb  3 12:58:30 jon-VirtualBox avahi-daemon[648]: Joining mDNS multicast group on interface enp0s3.IPv6 with address fe80::aaf2:eeae:563c:f6b.
Feb  3 12:58:30 jon-VirtualBox avahi-daemon[648]: New relevant interface enp0s3.IPv6 for mDNS.
Feb  3 12:58:30 jon-VirtualBox avahi-daemon[648]: Registering new address record for fe80::aaf2:eeae:563c:f6b on enp0s3.*.
Feb  3 12:58:32 jon-VirtualBox systemd[1]: Created slice User Slice of lightdm.
Feb  3 12:58:32 jon-VirtualBox systemd[1]: Starting User Manager for UID 108...
Feb  3 12:58:32 jon-VirtualBox systemd[1]: Started Session c1 of user lightdm.
Feb  3 12:58:32 jon-VirtualBox systemd[1052]: Reached target Paths.
Feb  3 12:58:32 jon-VirtualBox systemd[1052]: Reached target Timers.
Feb  3 12:58:32 jon-VirtualBox systemd[1052]: Reached target Sockets.
Feb  3 12:58:32 jon-VirtualBox systemd[1052]: Reached target Basic System.
Feb  3 12:58:32 jon-VirtualBox systemd[1052]: Reached target Default.
Feb  3 12:58:32 jon-VirtualBox systemd[1052]: Startup finished in 118ms.
Feb  3 12:58:32 jon-VirtualBox systemd[1]: Started User Manager for UID 108.
Feb  3 12:58:33 jon-VirtualBox org.a11y.atspi.Registry[1075]: SpiRegistry daemon is running with well-known name - org.a11y.atspi.Registry
Feb  3 12:58:33 jon-VirtualBox NetworkManager[677]: <info>  [1549216713.8735] manager: startup complete
Feb  3 12:58:33 jon-VirtualBox systemd[1]: Started Network Manager Wait Online.
Feb  3 12:58:33 jon-VirtualBox systemd[1]: Reached target Network is Online.
Feb  3 12:58:33 jon-VirtualBox systemd[1]: Started crash report submission daemon.
Feb  3 12:58:33 jon-VirtualBox systemd[1]: Starting /etc/rc.local Compatibility...
Feb  3 12:58:34 jon-VirtualBox whoopsie[1091]: [12:58:34] Using lock path: /var/lock/whoopsie/lock
Feb  3 12:58:34 jon-VirtualBox systemd[1]: Started /etc/rc.local Compatibility.
Feb  3 12:58:34 jon-VirtualBox whoopsie[1091]: [12:58:34] The default IPv4 route is: /org/freedesktop/NetworkManager/ActiveConnection/0
Feb  3 12:58:34 jon-VirtualBox whoopsie[1091]: [12:58:34] Not a paid data plan: /org/freedesktop/NetworkManager/ActiveConnection/0
Feb  3 12:58:34 jon-VirtualBox whoopsie[1091]: [12:58:34] Found usable connection: /org/freedesktop/NetworkManager/ActiveConnection/0
Feb  3 12:58:34 jon-VirtualBox systemd[1]: Starting Hold until boot process finishes up...
Feb  3 12:58:34 jon-VirtualBox systemd[1]: Started Hold until boot process finishes up.
Feb  3 12:58:34 jon-VirtualBox systemd[1]: Starting Set console scheme...
Feb  3 12:58:34 jon-VirtualBox systemd[1]: Started Getty on tty1.
Feb  3 12:58:34 jon-VirtualBox systemd[1]: Reached target Login Prompts.
Feb  3 12:58:34 jon-VirtualBox systemd[1]: Reached target Multi-User System.
Feb  3 12:58:34 jon-VirtualBox systemd[1]: Reached target Graphical Interface.
Feb  3 12:58:34 jon-VirtualBox systemd[1]: Starting Update UTMP about System Runlevel Changes...
Feb  3 12:58:34 jon-VirtualBox systemd[1]: Started Set console scheme.
Feb  3 12:58:34 jon-VirtualBox systemd[1]: Started Update UTMP about System Runlevel Changes.
Feb  3 12:58:34 jon-VirtualBox systemd[1]: Startup finished in 7.469s (kernel) + 24.023s (userspace) = 31.493s.
Feb  3 12:58:34 jon-VirtualBox NetworkManager[677]: <info>  [1549216714.8746] manager: WiFi hardware radio set enabled
Feb  3 12:58:34 jon-VirtualBox NetworkManager[677]: <info>  [1549216714.8746] manager: WWAN hardware radio set enabled
Feb  3 12:58:36 jon-VirtualBox dbus[649]: [system] Activating via systemd: service name='org.freedesktop.RealtimeKit1' unit='rtkit-daemon.service'
Feb  3 12:58:36 jon-VirtualBox systemd[1]: Starting RealtimeKit Scheduling Policy Service...
Feb  3 12:58:36 jon-VirtualBox dbus[649]: [system] Successfully activated service 'org.freedesktop.RealtimeKit1'
Feb  3 12:58:36 jon-VirtualBox systemd[1]: Started RealtimeKit Scheduling Policy Service.
Feb  3 12:58:36 jon-VirtualBox rtkit-daemon[1141]: Successfully called chroot.
Feb  3 12:58:36 jon-VirtualBox rtkit-daemon[1141]: Successfully dropped privileges.
Feb  3 12:58:36 jon-VirtualBox rtkit-daemon[1141]: Successfully limited resources.
Feb  3 12:58:36 jon-VirtualBox rtkit-daemon[1141]: Running.
Feb  3 12:58:36 jon-VirtualBox rtkit-daemon[1141]: Watchdog thread running.
Feb  3 12:58:36 jon-VirtualBox rtkit-daemon[1141]: Canary thread running.
Feb  3 12:58:36 jon-VirtualBox rtkit-daemon[1141]: Successfully made thread 1140 of process 1140 (n/a) owned by '108' high priority at nice level -11.
Feb  3 12:58:36 jon-VirtualBox rtkit-daemon[1141]: Supervising 1 threads of 1 processes of 1 users.
Feb  3 12:58:36 jon-VirtualBox dbus[649]: [system] Activating via systemd: service name='org.bluez' unit='dbus-org.bluez.service'
Feb  3 12:58:36 jon-VirtualBox pulseaudio[1140]: [pulseaudio] alsa-util.c: Disabling timer-based scheduling because running inside a VM.
Feb  3 12:58:36 jon-VirtualBox pulseaudio[1140]: [pulseaudio] sink.c: Default and alternate sample rates are the same.
